Archive member included to satisfy reference by file (symbol)

/opt/st/stm32cubeide_1.19.0/plugins/com.st.stm32cube.ide.mcu.externaltools.gnu-tools-for-stm32.13.3.rel1.linux64_1.0.0.202410170706/tools/bin/../lib/gcc/arm-none-eabi/13.3.1/../../../../arm-none-eabi/lib/thumb/v6-m/nofp/libc_nano.a(libc_a-exit.o)
                              /opt/st/stm32cubeide_1.19.0/plugins/com.st.stm32cube.ide.mcu.externaltools.gnu-tools-for-stm32.13.3.rel1.linux64_1.0.0.202410170706/tools/bin/../lib/gcc/arm-none-eabi/13.3.1/../../../../arm-none-eabi/lib/thumb/v6-m/nofp/crt0.o (exit)
/opt/st/stm32cubeide_1.19.0/plugins/com.st.stm32cube.ide.mcu.externaltools.gnu-tools-for-stm32.13.3.rel1.linux64_1.0.0.202410170706/tools/bin/../lib/gcc/arm-none-eabi/13.3.1/../../../../arm-none-eabi/lib/thumb/v6-m/nofp/libc_nano.a(libc_a-findfp.o)
                              /opt/st/stm32cubeide_1.19.0/plugins/com.st.stm32cube.ide.mcu.externaltools.gnu-tools-for-stm32.13.3.rel1.linux64_1.0.0.202410170706/tools/bin/../lib/gcc/arm-none-eabi/13.3.1/../../../../arm-none-eabi/lib/thumb/v6-m/nofp/libc_nano.a(libc_a-exit.o) (__stdio_exit_handler)
/opt/st/stm32cubeide_1.19.0/plugins/com.st.stm32cube.ide.mcu.externaltools.gnu-tools-for-stm32.13.3.rel1.linux64_1.0.0.202410170706/tools/bin/../lib/gcc/arm-none-eabi/13.3.1/../../../../arm-none-eabi/lib/thumb/v6-m/nofp/libc_nano.a(libc_a-fwalk.o)
                              /opt/st/stm32cubeide_1.19.0/plugins/com.st.stm32cube.ide.mcu.externaltools.gnu-tools-for-stm32.13.3.rel1.linux64_1.0.0.202410170706/tools/bin/../lib/gcc/arm-none-eabi/13.3.1/../../../../arm-none-eabi/lib/thumb/v6-m/nofp/libc_nano.a(libc_a-findfp.o) (_fwalk_sglue)
/opt/st/stm32cubeide_1.19.0/plugins/com.st.stm32cube.ide.mcu.externaltools.gnu-tools-for-stm32.13.3.rel1.linux64_1.0.0.202410170706/tools/bin/../lib/gcc/arm-none-eabi/13.3.1/../../../../arm-none-eabi/lib/thumb/v6-m/nofp/libc_nano.a(libc_a-snprintf.o)
                              ./Core/Src/main.o (snprintf)
/opt/st/stm32cubeide_1.19.0/plugins/com.st.stm32cube.ide.mcu.externaltools.gnu-tools-for-stm32.13.3.rel1.linux64_1.0.0.202410170706/tools/bin/../lib/gcc/arm-none-eabi/13.3.1/../../../../arm-none-eabi/lib/thumb/v6-m/nofp/libc_nano.a(libc_a-stdio.o)
                              /opt/st/stm32cubeide_1.19.0/plugins/com.st.stm32cube.ide.mcu.externaltools.gnu-tools-for-stm32.13.3.rel1.linux64_1.0.0.202410170706/tools/bin/../lib/gcc/arm-none-eabi/13.3.1/../../../../arm-none-eabi/lib/thumb/v6-m/nofp/libc_nano.a(libc_a-findfp.o) (__sread)
/opt/st/stm32cubeide_1.19.0/plugins/com.st.stm32cube.ide.mcu.externaltools.gnu-tools-for-stm32.13.3.rel1.linux64_1.0.0.202410170706/tools/bin/../lib/gcc/arm-none-eabi/13.3.1/../../../../arm-none-eabi/lib/thumb/v6-m/nofp/libc_nano.a(libc_a-memset.o)
                              /opt/st/stm32cubeide_1.19.0/plugins/com.st.stm32cube.ide.mcu.externaltools.gnu-tools-for-stm32.13.3.rel1.linux64_1.0.0.202410170706/tools/bin/../lib/gcc/arm-none-eabi/13.3.1/../../../../arm-none-eabi/lib/thumb/v6-m/nofp/crt0.o (memset)
/opt/st/stm32cubeide_1.19.0/plugins/com.st.stm32cube.ide.mcu.externaltools.gnu-tools-for-stm32.13.3.rel1.linux64_1.0.0.202410170706/tools/bin/../lib/gcc/arm-none-eabi/13.3.1/../../../../arm-none-eabi/lib/thumb/v6-m/nofp/libc_nano.a(libc_a-strncmp.o)
                              ./Core/Src/main.o (strncmp)
/opt/st/stm32cubeide_1.19.0/plugins/com.st.stm32cube.ide.mcu.externaltools.gnu-tools-for-stm32.13.3.rel1.linux64_1.0.0.202410170706/tools/bin/../lib/gcc/arm-none-eabi/13.3.1/../../../../arm-none-eabi/lib/thumb/v6-m/nofp/libc_nano.a(libc_a-closer.o)
                              /opt/st/stm32cubeide_1.19.0/plugins/com.st.stm32cube.ide.mcu.externaltools.gnu-tools-for-stm32.13.3.rel1.linux64_1.0.0.202410170706/tools/bin/../lib/gcc/arm-none-eabi/13.3.1/../../../../arm-none-eabi/lib/thumb/v6-m/nofp/libc_nano.a(libc_a-stdio.o) (_close_r)
/opt/st/stm32cubeide_1.19.0/plugins/com.st.stm32cube.ide.mcu.externaltools.gnu-tools-for-stm32.13.3.rel1.linux64_1.0.0.202410170706/tools/bin/../lib/gcc/arm-none-eabi/13.3.1/../../../../arm-none-eabi/lib/thumb/v6-m/nofp/libc_nano.a(libc_a-reent.o)
                              /opt/st/stm32cubeide_1.19.0/plugins/com.st.stm32cube.ide.mcu.externaltools.gnu-tools-for-stm32.13.3.rel1.linux64_1.0.0.202410170706/tools/bin/../lib/gcc/arm-none-eabi/13.3.1/../../../../arm-none-eabi/lib/thumb/v6-m/nofp/libc_nano.a(libc_a-closer.o) (errno)
/opt/st/stm32cubeide_1.19.0/plugins/com.st.stm32cube.ide.mcu.externaltools.gnu-tools-for-stm32.13.3.rel1.linux64_1.0.0.202410170706/tools/bin/../lib/gcc/arm-none-eabi/13.3.1/../../../../arm-none-eabi/lib/thumb/v6-m/nofp/libc_nano.a(libc_a-impure.o)
                              /opt/st/stm32cubeide_1.19.0/plugins/com.st.stm32cube.ide.mcu.externaltools.gnu-tools-for-stm32.13.3.rel1.linux64_1.0.0.202410170706/tools/bin/../lib/gcc/arm-none-eabi/13.3.1/../../../../arm-none-eabi/lib/thumb/v6-m/nofp/libc_nano.a(libc_a-snprintf.o) (_impure_ptr)
[...]
Memory Configuration

Name             Origin             Length             Attributes
RAM              0x20000000         0x00005000         xrw
FLASH            0x08000000         0x00030000         xr
*default*        0x00000000         0xffffffff

Linker script and memory map

LOAD /opt/st/stm32cubeide_1.19.0/plugins/com.st.stm32cube.ide.mcu.externaltools.gnu-tools-for-stm32.13.3.rel1.linux64_1.0.0.202410170706/tools/bin/../lib/gcc/arm-none-eabi/13.3.1/thumb/v6-m/nofp/crti.o
LOAD /opt/st/stm32cubeide_1.19.0/plugins/com.st.stm32cube.ide.mcu.externaltools.gnu-tools-for-stm32.13.3.rel1.linux64_1.0.0.202410170706/tools/bin/../lib/gcc/arm-none-eabi/13.3.1/thumb/v6-m/nofp/crtbegin.o
LOAD /opt/st/stm32cubeide_1.19.0/plugins/com.st.stm32cube.ide.mcu.externaltools.gnu-tools-for-stm32.13.3.rel1.linux64_1.0.0.202410170706/tools/bin/../lib/gcc/arm-none-eabi/13.3.1/../../../../arm-none-eabi/lib/thumb/v6-m/nofp/crt0.o
LOAD ./Core/Src/cropwatch_logo.o
LOAD ./Core/Src/main.o
LOAD ./Core/Src/ssd1306.o
LOAD ./Core/Src/stm32l0xx_hal_msp.o
LOAD ./Core/Src/stm32l0xx_it.o
LOAD ./Core/Src/syscalls.o
LOAD ./Core/Src/sysmem.o
LOAD ./Core/Src/system_stm32l0xx.o
LOAD ./Core/Src/thermometer_icon.o
LOAD ./Core/Src/sensirion/sensirion.o
LOAD ./Core/Src/sensirion/sensirion_common.o
LOAD ./Core/Src/sensirion/sensirion_i2c.o
LOAD ./Core/Src/sensirion/sensirion_i2c_hal.o
LOAD ./Core/Src/sensirion/sht4x_i2c.o
LOAD ./Core/Startup/startup_stm32l073rztx.o
LOAD ./Drivers/STM32L0xx_HAL_Driver/Src/stm32l0xx_hal.o
LOAD ./Drivers/STM32L0xx_HAL_Driver/Src/stm32l0xx_hal_cortex.o
LOAD ./Drivers/STM32L0xx_HAL_Driver/Src/stm32l0xx_hal_dma.o
LOAD ./Drivers/STM32L0xx_HAL_Driver/Src/stm32l0xx_hal_exti.o
LOAD ./Drivers/STM32L0xx_HAL_Driver/Src/stm32l0xx_hal_flash.o
LOAD ./Drivers/STM32L0xx_HAL_Driver/Src/stm32l0xx_hal_flash_ex.o
LOAD ./Drivers/STM32L0xx_HAL_Driver/Src/stm32l0xx_hal_flash_ramfunc.o
LOAD ./Drivers/STM32L0xx_HAL_Driver/Src/stm32l0xx_hal_gpio.o
LOAD ./Drivers/STM32L0xx_HAL_Driver/Src/stm32l0xx_hal_i2c.o
LOAD ./Drivers/STM32L0xx_HAL_Driver/Src/stm32l0xx_hal_i2c_ex.o
LOAD ./Drivers/STM32L0xx_HAL_Driver/Src/stm32l0xx_hal_pwr.o
LOAD ./Drivers/STM32L0xx_HAL_Driver/Src/stm32l0xx_hal_pwr_ex.o
LOAD ./Drivers/STM32L0xx_HAL_Driver/Src/stm32l0xx_hal_rcc.o
LOAD ./Drivers/STM32L0xx_HAL_Driver/Src/stm32l0xx_hal_rcc_ex.o
LOAD ./Drivers/STM32L0xx_HAL_Driver/Src/stm32l0xx_hal_uart.o
LOAD ./Drivers/STM32L0xx_HAL_Driver/Src/stm32l0xx_hal_uart_ex.o
START GROUP
LOAD /opt/st/stm32cubeide_1.19.0/plugins/com.st.stm32cube.ide.mcu.externaltools.gnu-tools-for-stm32.13.3.rel1.linux64_1.0.0.202410170706/tools/bin/../lib/gcc/arm-none-eabi/13.3.1/../../../../arm-none-eabi/lib/thumb/v6-m/nofp/libc_nano.a
LOAD /opt/st/stm32cubeide_1.19.0/plugins/com.st.stm32cube.ide.mcu.externaltools.gnu-tools-for-stm32.13.3.rel1.linux64_1.0.0.202410170706/tools/bin/../lib/gcc/arm-none-eabi/13.3.1/../../../../arm-none-eabi/lib/thumb/v6-m/nofp/libm.a
END GROUP
START GROUP
LOAD /opt/st/stm32cubeide_1.19.0/plugins/com.st.stm32cube.ide.mcu.externaltools.gnu-tools-for-stm32.13.3.rel1.linux64_1.0.0.202410170706/tools/bin/../lib/gcc/arm-none-eabi/13.3.1/thumb/v6-m/nofp/libgcc.a
LOAD /opt/st/stm32cubeide_1.19.0/plugins/com.st.stm32cube.ide.mcu.externaltools.gnu-tools-for-stm32.13.3.rel1.linux64_1.0.0.202410170706/tools/bin/../lib/gcc/arm-none-eabi/13.3.1/../../../../arm-none-eabi/lib/thumb/v6-m/nofp/libc_nano.a
END GROUP
START GROUP
LOAD /opt/st/stm32cubeide_1.19.0/plugins/com.st.stm32cube.ide.mcu.externaltools.gnu-tools-for-stm32.13.3.rel1.linux64_1.0.0.202410170706/tools/bin/../lib/gcc/arm-none-eabi/13.3.1/thumb/v6-m/nofp/libgcc.a
LOAD /opt/st/stm32cubeide_1.19.0/plugins/com.st.stm32cube.ide.mcu.externaltools.gnu-tools-for-stm32.13.3.rel1.linux64_1.0.0.202410170706/tools/bin/../lib/gcc/arm-none-eabi/13.3.1/../../../../arm-none-eabi/lib/thumb/v6-m/nofp/libc_nano.a
LOAD /opt/st/stm32cubeide_1.19.0/plugins/com.st.stm32cube.ide.mcu.externaltools.gnu-tools-for-stm32.13.3.rel1.linux64_1.0.0.202410170706/tools/bin/../lib/gcc/arm-none-eabi/13.3.1/../../../../arm-none-eabi/lib/thumb/v6-m/nofp/libnosys.a
END GROUP
START GROUP
LOAD /opt/st/stm32cubeide_1.19.0/plugins/com.st.stm32cube.ide.mcu.externaltools.gnu-tools-for-stm32.13.3.rel1.linux64_1.0.0.202410170706/tools/bin/../lib/gcc/arm-none-eabi/13.3.1/thumb/v6-m/nofp/libgcc.a
LOAD /opt/st/stm32cubeide_1.19.0/plugins/com.st.stm32cube.ide.mcu.externaltools.gnu-tools-for-stm32.13.3.rel1.linux64_1.0.0.202410170706/tools/bin/../lib/gcc/arm-none-eabi/13.3.1/../../../../arm-none-eabi/lib/thumb/v6-m/nofp/libc_nano.a
LOAD /opt/st/stm32cubeide_1.19.0/plugins/com.st.stm32cube.ide.mcu.externaltools.gnu-tools-for-stm32.13.3.rel1.linux64_1.0.0.202410170706/tools/bin/../lib/gcc/arm-none-eabi/13.3.1/../../../../arm-none-eabi/lib/thumb/v6-m/nofp/libnosys.a
END GROUP
LOAD /opt/st/stm32cubeide_1.19.0/plugins/com.st.stm32cube.ide.mcu.externaltools.gnu-tools-for-stm32.13.3.rel1.linux64_1.0.0.202410170706/tools/bin/../lib/gcc/arm-none-eabi/13.3.1/thumb/v6-m/nofp/crtend.o
LOAD /opt/st/stm32cubeide_1.19.0/plugins/com.st.stm32cube.ide.mcu.externaltools.gnu-tools-for-stm32.13.3.rel1.linux64_1.0.0.202410170706/tools/bin/../lib/gcc/arm-none-eabi/13.3.1/thumb/v6-m/nofp/crtn.o
                0x20005000                        _estack = (ORIGIN (RAM) + LENGTH (RAM))
                0x00000200                        _Min_Heap_Size = 0x200
                0x00000400                        _Min_Stack_Size = 0x400

.isr_vector     0x08000000       0xc0
                0x08000000                        . = ALIGN (0x4)
 *(.isr_vector)
 .isr_vector    0x08000000       0xc0 ./Core/Startup/startup_stm32l073rztx.o
                0x08000000                g_pfnVectors
                0x080000c0                        . = ALIGN (0x4)

.text           0x080000c0     0x5d68
                0x080000c0                        . = ALIGN (0x4)
 *(.text)
 .text          0x080000c0       0x48 /opt/st/stm32cubeide_1.19.0/plugins/com.st.stm32cube.ide.mcu.externaltools.gnu-tools-for-stm32.13.3.rel1.linux64_1.0.0.202410170706/tools/bin/../lib/gcc/arm-none-eabi/13.3.1/thumb/v6-m/nofp/crtbegin.o
 .text          0x08000108       0x14 /opt/st/stm32cubeide_1.19.0/plugins/com.st.stm32cube.ide.mcu.externaltools.gnu-tools-for-stm32.13.3.rel1.linux64_1.0.0.202410170706/tools/bin/../lib/gcc/arm-none-eabi/13.3.1/thumb/v6-m/nofp/libgcc.a(_thumb1_case_shi.o)
                0x08000108                __gnu_thumb1_case_shi
 .text          0x0800011c      0x114 /opt/st/stm32cubeide_1.19.0/plugins/com.st.stm32cube.ide.mcu.externaltools.gnu-tools-for-stm32.13.3.rel1.linux64_1.0.0.202410170706/tools/bin/../lib/gcc/arm-none-eabi/13.3.1/thumb/v6-m/nofp/libgcc.a(_udivsi3.o)
                0x0800011c                __udivsi3
                0x0800011c                __aeabi_uidiv
                0x08000228                __aeabi_uidivmod
 .text          0x08000230      0x1d4 /opt/st/stm32cubeide_1.19.0/plugins/com.st.stm32cube.ide.mcu.externaltools.gnu-tools-for-stm32.13.3.rel1.linux64_1.0.0.202410170706/tools/bin/../lib/gcc/arm-none-eabi/13.3.1/thumb/v6-m/nofp/libgcc.a(_divsi3.o)
                0x08000230                __aeabi_idiv
                0x08000230                __divsi3
                0x080003fc                __aeabi_idivmod
 .text          0x08000404        0x4 /opt/st/stm32cubeide_1.19.0/plugins/com.st.stm32cube.ide.mcu.externaltools.gnu-tools-for-stm32.13.3.rel1.linux64_1.0.0.202410170706/tools/bin/../lib/gcc/arm-none-eabi/13.3.1/thumb/v6-m/nofp/libgcc.a(_dvmd_tls.o)
                0x08000404                __aeabi_ldiv0
                0x08000404                __aeabi_idiv0
 .text          0x08000408       0x40 /opt/st/stm32cubeide_1.19.0/plugins/com.st.stm32cube.ide.mcu.externaltools.gnu-tools-for-stm32.13.3.rel1.linux64_1.0.0.202410170706/tools/bin/../lib/gcc/arm-none-eabi/13.3.1/thumb/v6-m/nofp/libgcc.a(_aeabi_uldivmod.o)
                0x08000408                __aeabi_uldivmod
 .text          0x08000448      0x198 /opt/st/stm32cubeide_1.19.0/plugins/com.st.stm32cube.ide.mcu.externaltools.gnu-tools-for-stm32.13.3.rel1.linux64_1.0.0.202410170706/tools/bin/../lib/gcc/arm-none-eabi/13.3.1/thumb/v6-m/nofp/libgcc.a(_udivmoddi4.o)
                0x08000448                __udivmoddi4
 .text          0x080005e0       0x18 /opt/st/stm32cubeide_1.19.0/plugins/com.st.stm32cube.ide.mcu.externaltools.gnu-tools-for-stm32.13.3.rel1.linux64_1.0.0.202410170706/tools/bin/../lib/gcc/arm-none-eabi/13.3.1/thumb/v6-m/nofp/libgcc.a(_clzdi2.o)
                0x080005e0                __clzdi2
 .text          0x080005f8       0x3c /opt/st/stm32cubeide_1.19.0/plugins/com.st.stm32cube.ide.mcu.externaltools.gnu-tools-for-stm32.13.3.rel1.linux64_1.0.0.202410170706/tools/bin/../lib/gcc/arm-none-eabi/13.3.1/thumb/v6-m/nofp/libgcc.a(_clzsi2.o)
                0x080005f8                __clzsi2
 *(.text*)
 .text.main     0x08000634      0x6c4 ./Core/Src/main.o
                0x08000634                main
 .text.SystemClock_Config
                0x08000cf8       0xdc ./Core/Src/main.o
                0x08000cf8                SystemClock_Config
 .text.MX_I2C1_Init
                0x08000dd4       0x80 ./Core/Src/main.o
 .text.MX_USART2_UART_Init
                0x08000e54       0x60 ./Core/Src/main.o
 .text.MX_GPIO_Init
                0x08000eb4      0x130 ./Core/Src/main.o
 .text.tick_elapsed
                0x08000fe4       0x1e ./Core/Src/main.o
 *fill*         0x08001002        0x2 
 .text.HAL_GPIO_EXTI_Callback
                0x08001004       0x68 ./Core/Src/main.o
                0x08001004                HAL_GPIO_EXTI_Callback
 .text.run_heater_cycle
                0x0800106c      0x15c ./Core/Src/main.o
 .text.Error_Handler
                0x080011c8        0xc ./Core/Src/main.o
                0x080011c8                Error_Handler
 .text.ssd1306_init
                0x080011d4       0x68 ./Core/Src/ssd1306.o
                0x080011d4                ssd1306_init
 .text.ssd1306_clear
                0x0800123c       0x10 ./Core/Src/ssd1306.o
                0x0800123c                ssd1306_clear
 .text.ssd1306_fill
                0x0800124c       0x28 ./Core/Src/ssd1306.o
                0x0800124c                ssd1306_fill
 .text.ssd1306_is_initialized
                0x08001274       0x18 ./Core/Src/ssd1306.o
                0x08001274                ssd1306_is_initialized
 .text.ssd1306_update
                0x0800128c       0xac ./Core/Src/ssd1306.o
                0x0800128c                ssd1306_update
 .text.ssd1306_draw_string_scaled
                0x08001338      0x128 ./Core/Src/ssd1306.o
                0x08001338                ssd1306_draw_string_scaled
 .text.ssd1306_draw_bitmap
                0x08001460      0x10e ./Core/Src/ssd1306.o
                0x08001460                ssd1306_draw_bitmap
 .text.ssd1306_measure_text_width
                0x0800156e       0xbe ./Core/Src/ssd1306.o
                0x0800156e                ssd1306_measure_text_width
 .text.ssd1306_draw_char_scaled
                0x0800162c      0x170 ./Core/Src/ssd1306.o
 .text.ssd1306_set_pixel
                0x0800179c       0xac ./Core/Src/ssd1306.o
 .text.find_glyph
                0x08001848       0x4c ./Core/Src/ssd1306.o
 .text.ssd1306_send_command
                0x08001894       0x50 ./Core/Src/ssd1306.o
 .text.ssd1306_send_data
                0x080018e4       0x8c ./Core/Src/ssd1306.o
 .text.HAL_MspInit
                0x08001970       0x38 ./Core/Src/stm32l0xx_hal_msp.o
                0x08001970                HAL_MspInit
 .text.HAL_I2C_MspInit
                0x080019a8       0x88 ./Core/Src/stm32l0xx_hal_msp.o
                0x080019a8                HAL_I2C_MspInit
 .text.HAL_UART_MspInit
                0x08001a30       0x88 ./Core/Src/stm32l0xx_hal_msp.o
                0x08001a30                HAL_UART_MspInit
 .text.NMI_Handler
                0x08001ab8        0x8 ./Core/Src/stm32l0xx_it.o
                0x08001ab8                NMI_Handler
 .text.HardFault_Handler
                0x08001ac0        0x8 ./Core/Src/stm32l0xx_it.o
                0x08001ac0                HardFault_Handler
 .text.SVC_Handler
                0x08001ac8        0xa ./Core/Src/stm32l0xx_it.o
                0x08001ac8                SVC_Handler
 .text.PendSV_Handler
                0x08001ad2        0xa ./Core/Src/stm32l0xx_it.o
                0x08001ad2                PendSV_Handler
 .text.SysTick_Handler
                0x08001adc        0xe ./Core/Src/stm32l0xx_it.o
                0x08001adc                SysTick_Handler
 .text.PVD_IRQHandler
                0x08001aea        0xe ./Core/Src/stm32l0xx_it.o
                0x08001aea                PVD_IRQHandler
 .text.EXTI0_1_IRQHandler
                0x08001af8       0x10 ./Core/Src/stm32l0xx_it.o
                0x08001af8                EXTI0_1_IRQHandler
 .text._sbrk    0x08001b08       0x6c ./Core/Src/sysmem.o
                0x08001b08                _sbrk
 .text.SystemInit
                0x08001b74        0xa ./Core/Src/system_stm32l0xx.o
                0x08001b74                SystemInit
 *fill*         0x08001b7e        0x2 
 .text.sht4x_temp_centi_from_ticks
                0x08001b80       0x68 ./Core/Src/sensirion/sensirion.o
                0x08001b80                sht4x_temp_centi_from_ticks
 .text.sht4x_rh_centi_from_ticks
                0x08001be8       0x68 ./Core/Src/sensirion/sensirion.o
                0x08001be8                sht4x_rh_centi_from_ticks
 .text.format_serial_decimal
                0x08001c50       0x34 ./Core/Src/sensirion/sensirion.o
 .text.scan_i2c_bus
                0x08001c84       0x50 ./Core/Src/sensirion/sensirion.o
                0x08001c84                scan_i2c_bus
 .text.sensor_init_and_read
                0x08001cd4      0x1e4 ./Core/Src/sensirion/sensirion.o
                0x08001cd4                sensor_init_and_read
 .text.sensirion_get_serial_string
                0x08001eb8       0x78 ./Core/Src/sensirion/sensirion.o
                0x08001eb8                sensirion_get_serial_string
 .text.sensirion_common_bytes_to_uint16_t
                0x08001f30       0x28 ./Core/Src/sensirion/sensirion_common.o
                0x08001f30                sensirion_common_bytes_to_uint16_t
 .text.sensirion_common_bytes_to_uint32_t
                0x08001f58       0x32 ./Core/Src/sensirion/sensirion_common.o
                0x08001f58                sensirion_common_bytes_to_uint32_t
 .text.sensirion_i2c_generate_crc
                0x08001f8a       0xae ./Core/Src/sensirion/sensirion_i2c.o
                0x08001f8a                sensirion_i2c_generate_crc
 .text.sensirion_i2c_check_crc
                0x08002038       0x40 ./Core/Src/sensirion/sensirion_i2c.o
                0x08002038                sensirion_i2c_check_crc
 .text.sensirion_i2c_add_command8_to_buffer
                0x08002078       0x3a ./Core/Src/sensirion/sensirion_i2c.o
                0x08002078                sensirion_i2c_add_command8_to_buffer
 .text.sensirion_i2c_write_data
                0x080020b2       0x32 ./Core/Src/sensirion/sensirion_i2c.o
                0x080020b2                sensirion_i2c_write_data
 .text.sensirion_i2c_read_data_inplace
                0x080020e4      0x120 ./Core/Src/sensirion/sensirion_i2c.o
                0x080020e4                sensirion_i2c_read_data_inplace
 .text.sensirion_i2c_hal_read
                0x08002204       0x5c ./Core/Src/sensirion/sensirion_i2c_hal.o
                0x08002204                sensirion_i2c_hal_read
 .text.sensirion_i2c_hal_write
                0x08002260       0x5c ./Core/Src/sensirion/sensirion_i2c_hal.o
                0x08002260                sensirion_i2c_hal_write
 .text.sensirion_i2c_hal_sleep_usec
                0x080022bc       0x54 ./Core/Src/sensirion/sensirion_i2c_hal.o
                0x080022bc                sensirion_i2c_hal_sleep_usec
 .text.sht4x_init
                0x08002310       0x20 ./Core/Src/sensirion/sht4x_i2c.o
                0x08002310                sht4x_init
 .text.sht4x_measure_high_precision_ticks
                0x08002330       0xc8 ./Core/Src/sensirion/sht4x_i2c.o
                0x08002330                sht4x_measure_high_precision_ticks
 .text.sht4x_activate_highest_heater_power_long_ticks
                0x080023f8       0xc8 ./Core/Src/sensirion/sht4x_i2c.o
                0x080023f8                sht4x_activate_highest_heater_power_long_ticks
 .text.sht4x_serial_number
                0x080024c0       0xb4 ./Core/Src/sensirion/sht4x_i2c.o
                0x080024c0                sht4x_serial_number
 .text.sht4x_soft_reset
                0x08002574       0x78 ./Core/Src/sensirion/sht4x_i2c.o
                0x08002574                sht4x_soft_reset
 .text.Reset_Handler
                0x080025ec       0x50 ./Core/Startup/startup_stm32l073rztx.o
                0x080025ec                Reset_Handler
 .text.Default_Handler
                0x0800263c        0x2 ./Core/Startup/startup_stm32l073rztx.o
                0x0800263c                TSC_IRQHandler
                0x0800263c                ADC1_COMP_IRQHandler
                0x0800263c                I2C1_IRQHandler
                0x0800263c                RCC_CRS_IRQHandler
                0x0800263c                SPI1_IRQHandler
                0x0800263c                TIM6_DAC_IRQHandler
                0x0800263c                EXTI2_3_IRQHandler
                0x0800263c                I2C2_IRQHandler
                0x0800263c                RTC_IRQHandler
                0x0800263c                LCD_IRQHandler
                0x0800263c                DMA1_Channel4_5_6_7_IRQHandler
                0x0800263c                TIM3_IRQHandler
                0x0800263c                EXTI4_15_IRQHandler
                0x0800263c                DMA1_Channel1_IRQHandler
                0x0800263c                USART4_5_IRQHandler
                0x0800263c                Default_Handler
                0x0800263c                TIM22_IRQHandler
                0x0800263c                TIM7_IRQHandler
                0x0800263c                USB_IRQHandler
                0x0800263c                I2C3_IRQHandler
                0x0800263c                SPI2_IRQHandler
                0x0800263c                TIM21_IRQHandler
                0x0800263c                WWDG_IRQHandler
                0x0800263c                TIM2_IRQHandler
                0x0800263c                DMA1_Channel2_3_IRQHandler
                0x0800263c                USART2_IRQHandler
                0x0800263c                FLASH_IRQHandler
                0x0800263c                USART1_IRQHandler
                0x0800263c                RNG_LPUART1_IRQHandler
                0x0800263c                LPTIM1_IRQHandler
 *fill*         0x0800263e        0x2 
 .text.HAL_Init
                0x08002640       0x40 ./Drivers/STM32L0xx_HAL_Driver/Src/stm32l0xx_hal.o
                0x08002640                HAL_Init
 .text.HAL_InitTick
                0x08002680       0x68 ./Drivers/STM32L0xx_HAL_Driver/Src/stm32l0xx_hal.o
                0x08002680                HAL_InitTick
 .text.HAL_IncTick
                0x080026e8       0x24 ./Drivers/STM32L0xx_HAL_Driver/Src/stm32l0xx_hal.o
                0x080026e8                HAL_IncTick
 .text.HAL_GetTick
                0x0800270c       0x14 ./Drivers/STM32L0xx_HAL_Driver/Src/stm32l0xx_hal.o
                0x0800270c                HAL_GetTick
 .text.HAL_Delay
                0x08002720       0x48 ./Drivers/STM32L0xx_HAL_Driver/Src/stm32l0xx_hal.o
                0x08002720                HAL_Delay
 .text.HAL_GetHalVersion
                0x08002768       0x10 ./Drivers/STM32L0xx_HAL_Driver/Src/stm32l0xx_hal.o
                0x08002768                HAL_GetHalVersion
 .text.__NVIC_EnableIRQ
                0x08002778       0x34 ./Drivers/STM32L0xx_HAL_Driver/Src/stm32l0xx_hal_cortex.o
 .text.__NVIC_SetPriority
                0x080027ac       0xdc ./Drivers/STM32L0xx_HAL_Driver/Src/stm32l0xx_hal_cortex.o
 .text.SysTick_Config
                0x08002888       0x48 ./Drivers/STM32L0xx_HAL_Driver/Src/stm32l0xx_hal_cortex.o
 .text.HAL_NVIC_SetPriority
                0x080028d0       0x2a ./Drivers/STM32L0xx_HAL_Driver/Src/stm32l0xx_hal_cortex.o
                0x080028d0                HAL_NVIC_SetPriority
 .text.HAL_NVIC_EnableIRQ
                0x080028fa       0x20 ./Drivers/STM32L0xx_HAL_Driver/Src/stm32l0xx_hal_cortex.o
                0x080028fa                HAL_NVIC_EnableIRQ
 .text.HAL_SYSTICK_Config
                0x0800291a       0x1a ./Drivers/STM32L0xx_HAL_Driver/Src/stm32l0xx_hal_cortex.o
                0x0800291a                HAL_SYSTICK_Config
 .text.HAL_GPIO_Init
                0x08002934      0x2fc ./Drivers/STM32L0xx_HAL_Driver/Src/stm32l0xx_hal_gpio.o
                0x08002934                HAL_GPIO_Init
 .text.HAL_GPIO_WritePin
                0x08002c30       0x3a ./Drivers/STM32L0xx_HAL_Driver/Src/stm32l0xx_hal_gpio.o
                0x08002c30                HAL_GPIO_WritePin
 *fill*         0x08002c6a        0x2 
 .text.HAL_GPIO_EXTI_IRQHandler
                0x08002c6c       0x38 ./Drivers/STM32L0xx_HAL_Driver/Src/stm32l0xx_hal_gpio.o
                0x08002c6c                HAL_GPIO_EXTI_IRQHandler
 .text.HAL_I2C_Init
                0x08002ca4      0x14c ./Drivers/STM32L0xx_HAL_Driver/Src/stm32l0xx_hal_i2c.o
                0x08002ca4                HAL_I2C_Init
 .text.HAL_I2C_Master_Transmit
                0x08002df0      0x254 ./Drivers/STM32L0xx_HAL_Driver/Src/stm32l0xx_hal_i2c.o
                0x08002df0                HAL_I2C_Master_Transmit
 .text.HAL_I2C_Master_Receive
                0x08003044      0x210 ./Drivers/STM32L0xx_HAL_Driver/Src/stm32l0xx_hal_i2c.o
                0x08003044                HAL_I2C_Master_Receive
 .text.HAL_I2C_IsDeviceReady
                0x08003254      0x1f8 ./Drivers/STM32L0xx_HAL_Driver/Src/stm32l0xx_hal_i2c.o
                0x08003254                HAL_I2C_IsDeviceReady
 .text.I2C_Flush_TXDR
                0x0800344c       0x44 ./Drivers/STM32L0xx_HAL_Driver/Src/stm32l0xx_hal_i2c.o
 .text.I2C_WaitOnFlagUntilTimeout
                0x08003490       0xb0 ./Drivers/STM32L0xx_HAL_Driver/Src/stm32l0xx_hal_i2c.o
 .text.I2C_WaitOnTXISFlagUntilTimeout
                0x08003540       0x8c ./Drivers/STM32L0xx_HAL_Driver/Src/stm32l0xx_hal_i2c.o
 .text.I2C_WaitOnSTOPFlagUntilTimeout
                0x080035cc       0x86 ./Drivers/STM32L0xx_HAL_Driver/Src/stm32l0xx_hal_i2c.o
 *fill*         0x08003652        0x2 
 .text.I2C_WaitOnRXNEFlagUntilTimeout
                0x08003654      0x13c ./Drivers/STM32L0xx_HAL_Driver/Src/stm32l0xx_hal_i2c.o
 .text.I2C_IsErrorOccurred
                0x08003790      0x1f0 ./Drivers/STM32L0xx_HAL_Driver/Src/stm32l0xx_hal_i2c.o
 .text.I2C_TransferConfig
                0x08003980       0x74 ./Drivers/STM32L0xx_HAL_Driver/Src/stm32l0xx_hal_i2c.o
 .text.HAL_I2CEx_ConfigAnalogFilter
                0x080039f4       0x98 ./Drivers/STM32L0xx_HAL_Driver/Src/stm32l0xx_hal_i2c_ex.o
                0x080039f4                HAL_I2CEx_ConfigAnalogFilter
 .text.HAL_I2CEx_ConfigDigitalFilter
                0x08003a8c       0x98 ./Drivers/STM32L0xx_HAL_Driver/Src/stm32l0xx_hal_i2c_ex.o
                0x08003a8c                HAL_I2CEx_ConfigDigitalFilter
 .text.HAL_PWR_PVD_IRQHandler
                0x08003b24       0x28 ./Drivers/STM32L0xx_HAL_Driver/Src/stm32l0xx_hal_pwr.o
                0x08003b24                HAL_PWR_PVD_IRQHandler
 .text.HAL_PWR_PVDCallback
                0x08003b4c        0xa ./Drivers/STM32L0xx_HAL_Driver/Src/stm32l0xx_hal_pwr.o
                0x08003b4c                HAL_PWR_PVDCallback
 *fill*         0x08003b56        0x2 
 .text.HAL_RCC_OscConfig
                0x08003b58      0x7a8 ./Drivers/STM32L0xx_HAL_Driver/Src/stm32l0xx_hal_rcc.o
                0x08003b58                HAL_RCC_OscConfig
 .text.HAL_RCC_ClockConfig
                0x08004300      0x290 ./Drivers/STM32L0xx_HAL_Driver/Src/stm32l0xx_hal_rcc.o
                0x08004300                HAL_RCC_ClockConfig
 .text.HAL_RCC_GetSysClockFreq
                0x08004590      0x10c ./Drivers/STM32L0xx_HAL_Driver/Src/stm32l0xx_hal_rcc.o
                0x08004590                HAL_RCC_GetSysClockFreq
 .text.HAL_RCC_GetHCLKFreq
                0x0800469c       0x14 ./Drivers/STM32L0xx_HAL_Driver/Src/stm32l0xx_hal_rcc.o
                0x0800469c                HAL_RCC_GetHCLKFreq
 .text.HAL_RCC_GetPCLK1Freq
                0x080046b0       0x2c ./Drivers/STM32L0xx_HAL_Driver/Src/stm32l0xx_hal_rcc.o
                0x080046b0                HAL_RCC_GetPCLK1Freq
 .text.HAL_RCC_GetPCLK2Freq
                0x080046dc       0x2c ./Drivers/STM32L0xx_HAL_Driver/Src/stm32l0xx_hal_rcc.o
                0x080046dc                HAL_RCC_GetPCLK2Freq
 .text.HAL_RCCEx_PeriphCLKConfig
                0x08004708      0x33c ./Drivers/STM32L0xx_HAL_Driver/Src/stm32l0xx_hal_rcc_ex.o
                0x08004708                HAL_RCCEx_PeriphCLKConfig
 .text.HAL_UART_Init
                0x08004a44       0xa8 ./Drivers/STM32L0xx_HAL_Driver/Src/stm32l0xx_hal_uart.o
                0x08004a44                HAL_UART_Init
 .text.UART_SetConfig
                0x08004aec      0x53c ./Drivers/STM32L0xx_HAL_Driver/Src/stm32l0xx_hal_uart.o
                0x08004aec                UART_SetConfig
 .text.UART_AdvFeatureConfig
                0x08005028      0x168 ./Drivers/STM32L0xx_HAL_Driver/Src/stm32l0xx_hal_uart.o
                0x08005028                UART_AdvFeatureConfig
 .text.UART_CheckIdleState
                0x08005190      0x150 ./Drivers/STM32L0xx_HAL_Driver/Src/stm32l0xx_hal_uart.o
                0x08005190                UART_CheckIdleState
 .text.UART_WaitOnFlagUntilTimeout
                0x080052e0       0xde ./Drivers/STM32L0xx_HAL_Driver/Src/stm32l0xx_hal_uart.o
                0x080052e0                UART_WaitOnFlagUntilTimeout
 *fill*         0x080053be        0x2 
 .text.UART_EndRxTransfer
                0x080053c0       0xc8 ./Drivers/STM32L0xx_HAL_Driver/Src/stm32l0xx_hal_uart.o
 .text.snprintf
                0x08005488       0x6c /opt/st/stm32cubeide_1.19.0/plugins/com.st.stm32cube.ide.mcu.externaltools.gnu-tools-for-stm32.13.3.rel1.linux64_1.0.0.202410170706/tools/bin/../lib/gcc/arm-none-eabi/13.3.1/../../../../arm-none-eabi/lib/thumb/v6-m/nofp/libc_nano.a(libc_a-snprintf.o)
                0x08005488                snprintf
                0x08005488                sniprintf
 .text.memset   0x080054f4       0x10 /opt/st/stm32cubeide_1.19.0/plugins/com.st.stm32cube.ide.mcu.externaltools.gnu-tools-for-stm32.13.3.rel1.linux64_1.0.0.202410170706/tools/bin/../lib/gcc/arm-none-eabi/13.3.1/../../../../arm-none-eabi/lib/thumb/v6-m/nofp/libc_nano.a(libc_a-memset.o)
                0x080054f4                memset
 .text.strncmp  0x08005504       0x22 /opt/st/stm32cubeide_1.19.0/plugins/com.st.stm32cube.ide.mcu.externaltools.gnu-tools-for-stm32.13.3.rel1.linux64_1.0.0.202410170706/tools/bin/../lib/gcc/arm-none-eabi/13.3.1/../../../../arm-none-eabi/lib/thumb/v6-m/nofp/libc_nano.a(libc_a-strncmp.o)
                0x08005504                strncmp
 *fill*         0x08005526        0x2 
 .text.__errno  0x08005528        0xc /opt/st/stm32cubeide_1.19.0/plugins/com.st.stm32cube.ide.mcu.externaltools.gnu-tools-for-stm32.13.3.rel1.linux64_1.0.0.202410170706/tools/bin/../lib/gcc/arm-none-eabi/13.3.1/../../../../arm-none-eabi/lib/thumb/v6-m/nofp/libc_nano.a(libc_a-errno.o)
                0x08005528                __errno
 .text.__libc_init_array
                0x08005534       0x48 /opt/st/stm32cubeide_1.19.0/plugins/com.st.stm32cube.ide.mcu.externaltools.gnu-tools-for-stm32.13.3.rel1.linux64_1.0.0.202410170706/tools/bin/../lib/gcc/arm-none-eabi/13.3.1/../../../../arm-none-eabi/lib/thumb/v6-m/nofp/libc_nano.a(libc_a-init.o)
                0x08005534                __libc_init_array
 .text.__retarget_lock_acquire_recursive
                0x0800557c        0x2 /opt/st/stm32cubeide_1.19.0/plugins/com.st.stm32cube.ide.mcu.externaltools.gnu-tools-for-stm32.13.3.rel1.linux64_1.0.0.202410170706/tools/bin/../lib/gcc/arm-none-eabi/13.3.1/../../../../arm-none-eabi/lib/thumb/v6-m/nofp/libc_nano.a(libc_a-lock.o)
                0x0800557c                __retarget_lock_acquire_recursive
 .text.__retarget_lock_release_recursive
                0x0800557e        0x2 /opt/st/stm32cubeide_1.19.0/plugins/com.st.stm32cube.ide.mcu.externaltools.gnu-tools-for-stm32.13.3.rel1.linux64_1.0.0.202410170706/tools/bin/../lib/gcc/arm-none-eabi/13.3.1/../../../../arm-none-eabi/lib/thumb/v6-m/nofp/libc_nano.a(libc_a-lock.o)
                0x0800557e                __retarget_lock_release_recursive
 .text.memcpy   0x08005580       0x12 /opt/st/stm32cubeide_1.19.0/plugins/com.st.stm32cube.ide.mcu.externaltools.gnu-tools-for-stm32.13.3.rel1.linux64_1.0.0.202410170706/tools/bin/../lib/gcc/arm-none-eabi/13.3.1/../../../../arm-none-eabi/lib/thumb/v6-m/nofp/libc_nano.a(libc_a-memcpy-stub.o)
                0x08005580                memcpy
 *fill*         0x08005592        0x2 
 .text._free_r  0x08005594       0x94 /opt/st/stm32cubeide_1.19.0/plugins/com.st.stm32cube.ide.mcu.externaltools.gnu-tools-for-stm32.13.3.rel1.linux64_1.0.0.202410170706/tools/bin/../lib/gcc/arm-none-eabi/13.3.1/../../../../arm-none-eabi/lib/thumb/v6-m/nofp/libc_nano.a(libc_a-freer.o)
                0x08005594                _free_r
 .text.sbrk_aligned
                0x08005628       0x44 /opt/st/stm32cubeide_1.19.0/plugins/com.st.stm32cube.ide.mcu.externaltools.gnu-tools-for-stm32.13.3.rel1.linux64_1.0.0.202410170706/tools/bin/../lib/gcc/arm-none-eabi/13.3.1/../../../../arm-none-eabi/lib/thumb/v6-m/nofp/libc_nano.a(libc_a-mallocr.o)
 .text._malloc_r
                0x0800566c      0x100 /opt/st/stm32cubeide_1.19.0/plugins/com.st.stm32cube.ide.mcu.externaltools.gnu-tools-for-stm32.13.3.rel1.linux64_1.0.0.202410170706/tools/bin/../lib/gcc/arm-none-eabi/13.3.1/../../../../arm-none-eabi/lib/thumb/v6-m/nofp/libc_nano.a(libc_a-mallocr.o)
                0x0800566c                _malloc_r
 .text.__malloc_lock
                0x0800576c       0x10 /opt/st/stm32cubeide_1.19.0/plugins/com.st.stm32cube.ide.mcu.externaltools.gnu-tools-for-stm32.13.3.rel1.linux64_1.0.0.202410170706/tools/bin/../lib/gcc/arm-none-eabi/13.3.1/../../../../arm-none-eabi/lib/thumb/v6-m/nofp/libc_nano.a(libc_a-mlock.o)
                0x0800576c                __malloc_lock
 .text.__malloc_unlock
                0x0800577c       0x10 /opt/st/stm32cubeide_1.19.0/plugins/com.st.stm32cube.ide.mcu.externaltools.gnu-tools-for-stm32.13.3.rel1.linux64_1.0.0.202410170706/tools/bin/../lib/gcc/arm-none-eabi/13.3.1/../../../../arm-none-eabi/lib/thumb/v6-m/nofp/libc_nano.a(libc_a-mlock.o)
                0x0800577c                __malloc_unlock
 .text.__ssputs_r
                0x0800578c       0xc0 /opt/st/stm32cubeide_1.19.0/plugins/com.st.stm32cube.ide.mcu.externaltools.gnu-tools-for-stm32.13.3.rel1.linux64_1.0.0.202410170706/tools/bin/../lib/gcc/arm-none-eabi/13.3.1/../../../../arm-none-eabi/lib/thumb/v6-m/nofp/libc_nano.a(libc_a-nano-svfprintf.o)
                0x0800578c                __ssputs_r
 .text._svfprintf_r
                0x0800584c      0x1fc /opt/st/stm32cubeide_1.19.0/plugins/com.st.stm32cube.ide.mcu.externaltools.gnu-tools-for-stm32.13.3.rel1.linux64_1.0.0.202410170706/tools/bin/../lib/gcc/arm-none-eabi/13.3.1/../../../../arm-none-eabi/lib/thumb/v6-m/nofp/libc_nano.a(libc_a-nano-svfprintf.o)
                0x0800584c                _svfprintf_r
                0x0800584c                _svfiprintf_r
 .text._printf_common
                0x08005a48       0xde /opt/st/stm32cubeide_1.19.0/plugins/com.st.stm32cube.ide.mcu.externaltools.gnu-tools-for-stm32.13.3.rel1.linux64_1.0.0.202410170706/tools/bin/../lib/gcc/arm-none-eabi/13.3.1/../../../../arm-none-eabi/lib/thumb/v6-m/nofp/libc_nano.a(libc_a-nano-vfprintf_i.o)
                0x08005a48                _printf_common
 *fill*         0x08005b26        0x2 
 .text._printf_i
                0x08005b28      0x218 /opt/st/stm32cubeide_1.19.0/plugins/com.st.stm32cube.ide.mcu.externaltools.gnu-tools-for-stm32.13.3.rel1.linux64_1.0.0.202410170706/tools/bin/../lib/gcc/arm-none-eabi/13.3.1/../../../../arm-none-eabi/lib/thumb/v6-m/nofp/libc_nano.a(libc_a-nano-vfprintf_i.o)
                0x08005b28                _printf_i
 .text.memmove  0x08005d40       0x24 /opt/st/stm32cubeide_1.19.0/plugins/com.st.stm32cube.ide.mcu.externaltools.gnu-tools-for-stm32.13.3.rel1.linux64_1.0.0.202410170706/tools/bin/../lib/gcc/arm-none-eabi/13.3.1/../../../../arm-none-eabi/lib/thumb/v6-m/nofp/libc_nano.a(libc_a-memmove.o)
                0x08005d40                memmove
 .text._sbrk_r  0x08005d64       0x24 /opt/st/stm32cubeide_1.19.0/plugins/com.st.stm32cube.ide.mcu.externaltools.gnu-tools-for-stm32.13.3.rel1.linux64_1.0.0.202410170706/tools/bin/../lib/gcc/arm-none-eabi/13.3.1/../../../../arm-none-eabi/lib/thumb/v6-m/nofp/libc_nano.a(libc_a-sbrkr.o)
                0x08005d64                _sbrk_r
 .text.memchr   0x08005d88       0x16 /opt/st/stm32cubeide_1.19.0/plugins/com.st.stm32cube.ide.mcu.externaltools.gnu-tools-for-stm32.13.3.rel1.linux64_1.0.0.202410170706/tools/bin/../lib/gcc/arm-none-eabi/13.3.1/../../../../arm-none-eabi/lib/thumb/v6-m/nofp/libc_nano.a(libc_a-memchr-stub.o)
                0x08005d88                memchr
 .text._realloc_r
                0x08005d9e       0x60 /opt/st/stm32cubeide_1.19.0/plugins/com.st.stm32cube.ide.mcu.externaltools.gnu-tools-for-stm32.13.3.rel1.linux64_1.0.0.202410170706/tools/bin/../lib/gcc/arm-none-eabi/13.3.1/../../../../arm-none-eabi/lib/thumb/v6-m/nofp/libc_nano.a(libc_a-reallocr.o)
                0x08005d9e                _realloc_r
 .text._malloc_usable_size_r
                0x08005dfe       0x10 /opt/st/stm32cubeide_1.19.0/plugins/com.st.stm32cube.ide.mcu.externaltools.gnu-tools-for-stm32.13.3.rel1.linux64_1.0.0.202410170706/tools/bin/../lib/gcc/arm-none-eabi/13.3.1/../../../../arm-none-eabi/lib/thumb/v6-m/nofp/libc_nano.a(libc_a-msizer.o)
                0x08005dfe                _malloc_usable_size_r
 *(.glue_7)
 .glue_7        0x08005e0e        0x0 linker stubs
 *(.glue_7t)
 .glue_7t       0x08005e0e        0x0 linker stubs
 *(.eh_frame)
 *fill*         0x08005e0e        0x2 
 .eh_frame      0x08005e10        0x0 /opt/st/stm32cubeide_1.19.0/plugins/com.st.stm32cube.ide.mcu.externaltools.gnu-tools-for-stm32.13.3.rel1.linux64_1.0.0.202410170706/tools/bin/../lib/gcc/arm-none-eabi/13.3.1/thumb/v6-m/nofp/crtbegin.o
 *(.init)
 .init          0x08005e10        0x4 /opt/st/stm32cubeide_1.19.0/plugins/com.st.stm32cube.ide.mcu.externaltools.gnu-tools-for-stm32.13.3.rel1.linux64_1.0.0.202410170706/tools/bin/../lib/gcc/arm-none-eabi/13.3.1/thumb/v6-m/nofp/crti.o
                0x08005e10                _init
 .init          0x08005e14        0x8 /opt/st/stm32cubeide_1.19.0/plugins/com.st.stm32cube.ide.mcu.externaltools.gnu-tools-for-stm32.13.3.rel1.linux64_1.0.0.202410170706/tools/bin/../lib/gcc/arm-none-eabi/13.3.1/thumb/v6-m/nofp/crtn.o
 *(.fini)
 .fini          0x08005e1c        0x4 /opt/st/stm32cubeide_1.19.0/plugins/com.st.stm32cube.ide.mcu.externaltools.gnu-tools-for-stm32.13.3.rel1.linux64_1.0.0.202410170706/tools/bin/../lib/gcc/arm-none-eabi/13.3.1/thumb/v6-m/nofp/crti.o
                0x08005e1c                _fini
 .fini          0x08005e20        0x8 /opt/st/stm32cubeide_1.19.0/plugins/com.st.stm32cube.ide.mcu.externaltools.gnu-tools-for-stm32.13.3.rel1.linux64_1.0.0.202410170706/tools/bin/../lib/gcc/arm-none-eabi/13.3.1/thumb/v6-m/nofp/crtn.o
                0x08005e28                        . = ALIGN (0x4)
                0x08005e28                        _etext = .

.vfp11_veneer   0x08005e28        0x0
 .vfp11_veneer  0x08005e28        0x0 linker stubs

.v4_bx          0x08005e28        0x0
 .v4_bx         0x08005e28        0x0 linker stubs

.iplt           0x08005e28        0x0
 .iplt          0x08005e28        0x0 /opt/st/stm32cubeide_1.19.0/plugins/com.st.stm32cube.ide.mcu.externaltools.gnu-tools-for-stm32.13.3.rel1.linux64_1.0.0.202410170706/tools/bin/../lib/gcc/arm-none-eabi/13.3.1/thumb/v6-m/nofp/crtbegin.o

.rodata         0x08005e28      0x3e8
                0x08005e28                        . = ALIGN (0x4)
 *(.rodata)
 .rodata        0x08005e28       0x8e ./Core/Src/main.o
 *fill*         0x08005eb6        0x2 
 .rodata        0x08005eb8        0x4 ./Core/Src/sensirion/sensirion.o
 *(.rodata*)
 .rodata.cropwatch_logo_bitmap
                0x08005ebc      0x120 ./Core/Src/cropwatch_logo.o
                0x08005ebc                cropwatch_logo_bitmap
 .rodata.font_table
                0x08005fdc      0x150 ./Core/Src/ssd1306.o
 .rodata.init_sequence.0
                0x0800612c       0x1c ./Core/Src/ssd1306.o
 .rodata.AHBPrescTable
                0x08006148       0x10 ./Core/Src/system_stm32l0xx.o
                0x08006148                AHBPrescTable
 .rodata.APBPrescTable
                0x08006158        0x8 ./Core/Src/system_stm32l0xx.o
                0x08006158                APBPrescTable
 .rodata.PLLMulTable
                0x08006160        0x9 ./Core/Src/system_stm32l0xx.o
                0x08006160                PLLMulTable
 *fill*         0x08006169        0x3 
 .rodata.thermometer_icon_bitmap
                0x0800616c       0x28 ./Core/Src/thermometer_icon.o
                0x0800616c                thermometer_icon_bitmap
 .rodata.UART_SetConfig
                0x08006194       0x48 ./Drivers/STM32L0xx_HAL_Driver/Src/stm32l0xx_hal_uart.o
 .rodata._svfprintf_r.str1.1
                0x080061dc       0x33 /opt/st/stm32cubeide_1.19.0/plugins/com.st.stm32cube.ide.mcu.externaltools.gnu-tools-for-stm32.13.3.rel1.linux64_1.0.0.202410170706/tools/bin/../lib/gcc/arm-none-eabi/13.3.1/../../../../arm-none-eabi/lib/thumb/v6-m/nofp/libc_nano.a(libc_a-nano-svfprintf.o)
                                 0x11 (size before relaxing)
 .rodata._printf_i.str1.1
                0x0800620f       0x22 /opt/st/stm32cubeide_1.19.0/plugins/com.st.stm32cube.ide.mcu.externaltools.gnu-tools-for-stm32.13.3.rel1.linux64_1.0.0.202410170706/tools/bin/../lib/gcc/arm-none-eabi/13.3.1/../../../../arm-none-eabi/lib/thumb/v6-m/nofp/libc_nano.a(libc_a-nano-vfprintf_i.o)
                0x08006234                        . = ALIGN (0x4)
 *fill*         0x0800620f        0x1 

.ARM.extab      0x08006210        0x0
                0x08006210                        . = ALIGN (0x4)
 *(.ARM.extab* .gnu.linkonce.armextab.*)
                0x08006210                        . = ALIGN (0x4)

.ARM            0x08006210        0x8
                0x08006210                        . = ALIGN (0x4)
                0x08006210                        __exidx_start = .
 *(.ARM.exidx*)
 .ARM.exidx     0x08006210        0x8 /opt/st/stm32cubeide_1.19.0/plugins/com.st.stm32cube.ide.mcu.externaltools.gnu-tools-for-stm32.13.3.rel1.linux64_1.0.0.202410170706/tools/bin/../lib/gcc/arm-none-eabi/13.3.1/thumb/v6-m/nofp/libgcc.a(_udivmoddi4.o)
                0x08006218                        __exidx_end = .
                0x08006218                        . = ALIGN (0x4)

.preinit_array  0x08006218        0x0
                0x08006218                        . = ALIGN (0x4)
                0x08006218                        PROVIDE (__preinit_array_start = .)
 *(.preinit_array*)
                0x08006218                        PROVIDE (__preinit_array_end = .)
                0x08006218                        . = ALIGN (0x4)

.init_array     0x08006218        0x4
                0x08006218                        . = ALIGN (0x4)
                0x08006218                        PROVIDE (__init_array_start = .)
 *(SORT_BY_NAME(.init_array.*))
 *(.init_array*)
 .init_array    0x08006218        0x4 /opt/st/stm32cubeide_1.19.0/plugins/com.st.stm32cube.ide.mcu.externaltools.gnu-tools-for-stm32.13.3.rel1.linux64_1.0.0.202410170706/tools/bin/../lib/gcc/arm-none-eabi/13.3.1/thumb/v6-m/nofp/crtbegin.o
                0x0800621c                        PROVIDE (__init_array_end = .)
                0x0800621c                        . = ALIGN (0x4)

.fini_array     0x0800621c        0x4
                0x0800621c                        . = ALIGN (0x4)
                [!provide]                        PROVIDE (__fini_array_start = .)
 *(SORT_BY_NAME(.fini_array.*))
 *(.fini_array*)
 .fini_array    0x0800621c        0x4 /opt/st/stm32cubeide_1.19.0/plugins/com.st.stm32cube.ide.mcu.externaltools.gnu-tools-for-stm32.13.3.rel1.linux64_1.0.0.202410170706/tools/bin/../lib/gcc/arm-none-eabi/13.3.1/thumb/v6-m/nofp/crtbegin.o
                [!provide]                        PROVIDE (__fini_array_end = .)
                0x08006220                        . = ALIGN (0x4)
                0x08006220                        _sidata = LOADADDR (.data)

.rel.dyn        0x08006220        0x0
 .rel.iplt      0x08006220        0x0 /opt/st/stm32cubeide_1.19.0/plugins/com.st.stm32cube.ide.mcu.externaltools.gnu-tools-for-stm32.13.3.rel1.linux64_1.0.0.202410170706/tools/bin/../lib/gcc/arm-none-eabi/13.3.1/thumb/v6-m/nofp/crtbegin.o

.data           0x20000000       0x5c load address 0x08006220
                0x20000000                        . = ALIGN (0x4)
                0x20000000                        _sdata = .
 *(.data)
 *(.data*)
 .data.SystemCoreClock
                0x20000000        0x4 ./Core/Src/system_stm32l0xx.o
                0x20000000                SystemCoreClock
 .data.uwTickPrio
                0x20000004        0x4 ./Drivers/STM32L0xx_HAL_Driver/Src/stm32l0xx_hal.o
                0x20000004                uwTickPrio
 .data.uwTickFreq
                0x20000008        0x1 ./Drivers/STM32L0xx_HAL_Driver/Src/stm32l0xx_hal.o
                0x20000008                uwTickFreq
 *fill*         0x20000009        0x3 
 .data._impure_ptr
                0x2000000c        0x4 /opt/st/stm32cubeide_1.19.0/plugins/com.st.stm32cube.ide.mcu.externaltools.gnu-tools-for-stm32.13.3.rel1.linux64_1.0.0.202410170706/tools/bin/../lib/gcc/arm-none-eabi/13.3.1/../../../../arm-none-eabi/lib/thumb/v6-m/nofp/libc_nano.a(libc_a-impure.o)
                0x2000000c                _impure_ptr
 .data._impure_data
                0x20000010       0x4c /opt/st/stm32cubeide_1.19.0/plugins/com.st.stm32cube.ide.mcu.externaltools.gnu-tools-for-stm32.13.3.rel1.linux64_1.0.0.202410170706/tools/bin/../lib/gcc/arm-none-eabi/13.3.1/../../../../arm-none-eabi/lib/thumb/v6-m/nofp/libc_nano.a(libc_a-impure.o)
                0x20000010                _impure_data
 *(.RamFunc)
 *(.RamFunc*)
                0x2000005c                        . = ALIGN (0x4)
                0x2000005c                        _edata = .

.igot.plt       0x2000005c        0x0 load address 0x0800627c
 .igot.plt      0x2000005c        0x0 /opt/st/stm32cubeide_1.19.0/plugins/com.st.stm32cube.ide.mcu.externaltools.gnu-tools-for-stm32.13.3.rel1.linux64_1.0.0.202410170706/tools/bin/../lib/gcc/arm-none-eabi/13.3.1/thumb/v6-m/nofp/crtbegin.o
                0x2000005c                        . = ALIGN (0x4)

.bss            0x2000005c      0x674 load address 0x0800627c
                0x2000005c                        _sbss = .
                0x2000005c                        __bss_start__ = _sbss
 *(.bss)
 .bss           0x2000005c       0x1c /opt/st/stm32cubeide_1.19.0/plugins/com.st.stm32cube.ide.mcu.externaltools.gnu-tools-for-stm32.13.3.rel1.linux64_1.0.0.202410170706/tools/bin/../lib/gcc/arm-none-eabi/13.3.1/thumb/v6-m/nofp/crtbegin.o
 *(.bss*)
 .bss.hi2c1     0x20000078       0x54 ./Core/Src/main.o
                0x20000078                hi2c1
 .bss.huart2    0x200000cc       0x88 ./Core/Src/main.o
                0x200000cc                huart2
 .bss.heater_trigger_requested
                0x20000154        0x1 ./Core/Src/main.o
 .bss.heater_active
                0x20000155        0x1 ./Core/Src/main.o
 *fill*         0x20000156        0x2 
 .bss.heater_active_until_ms
                0x20000158        0x4 ./Core/Src/main.o
 .bss.heater_next_allowed_ms
                0x2000015c        0x4 ./Core/Src/main.o
 .bss.ssd1306_i2c
                0x20000160        0x4 ./Core/Src/ssd1306.o
 .bss.ssd1306_buffer
                0x20000164      0x400 ./Core/Src/ssd1306.o
 .bss.__sbrk_heap_end
                0x20000564        0x4 ./Core/Src/sysmem.o
 .bss.has_sensor_1
                0x20000568        0x1 ./Core/Src/sensirion/sensirion.o
                0x20000568                has_sensor_1
 .bss.has_sensor_2
                0x20000569        0x1 ./Core/Src/sensirion/sensirion.o
                0x20000569                has_sensor_2
 .bss.temp_ticks_1
                0x2000056a        0x2 ./Core/Src/sensirion/sensirion.o
                0x2000056a                temp_ticks_1
 .bss.hum_ticks_1
                0x2000056c        0x2 ./Core/Src/sensirion/sensirion.o
                0x2000056c                hum_ticks_1
 .bss.temp_ticks_2
                0x2000056e        0x2 ./Core/Src/sensirion/sensirion.o
                0x2000056e                temp_ticks_2
 .bss.hum_ticks_2
                0x20000570        0x2 ./Core/Src/sensirion/sensirion.o
                0x20000570                hum_ticks_2
 .bss.calculated_temp_1
                0x20000572        0x2 ./Core/Src/sensirion/sensirion.o
                0x20000572                calculated_temp_1
 .bss.calculated_hum_1
                0x20000574        0x2 ./Core/Src/sensirion/sensirion.o
                0x20000574                calculated_hum_1
 .bss.calculated_temp_2
                0x20000576        0x2 ./Core/Src/sensirion/sensirion.o
                0x20000576                calculated_temp_2
 .bss.calculated_hum_2
                0x20000578        0x2 ./Core/Src/sensirion/sensirion.o
                0x20000578                calculated_hum_2
 .bss.i2c_error_code
                0x2000057a        0x2 ./Core/Src/sensirion/sensirion.o
                0x2000057a                i2c_error_code
 .bss.communication_buffer
                0x2000057c        0x6 ./Core/Src/sensirion/sht4x_i2c.o
 .bss._i2c_address
                0x20000582        0x1 ./Core/Src/sensirion/sht4x_i2c.o
 *fill*         0x20000583        0x1 
 .bss.uwTick    0x20000584        0x4 ./Drivers/STM32L0xx_HAL_Driver/Src/stm32l0xx_hal.o
                0x20000584                uwTick
 .bss.__sf      0x20000588      0x138 /opt/st/stm32cubeide_1.19.0/plugins/com.st.stm32cube.ide.mcu.externaltools.gnu-tools-for-stm32.13.3.rel1.linux64_1.0.0.202410170706/tools/bin/../lib/gcc/arm-none-eabi/13.3.1/../../../../arm-none-eabi/lib/thumb/v6-m/nofp/libc_nano.a(libc_a-findfp.o)
                0x20000588                __sf
 .bss.errno     0x200006c0        0x4 /opt/st/stm32cubeide_1.19.0/plugins/com.st.stm32cube.ide.mcu.externaltools.gnu-tools-for-stm32.13.3.rel1.linux64_1.0.0.202410170706/tools/bin/../lib/gcc/arm-none-eabi/13.3.1/../../../../arm-none-eabi/lib/thumb/v6-m/nofp/libc_nano.a(libc_a-reent.o)
                0x200006c0                errno
 .bss.__lock___malloc_recursive_mutex
                0x200006c4        0x1 /opt/st/stm32cubeide_1.19.0/plugins/com.st.stm32cube.ide.mcu.externaltools.gnu-tools-for-stm32.13.3.rel1.linux64_1.0.0.202410170706/tools/bin/../lib/gcc/arm-none-eabi/13.3.1/../../../../arm-none-eabi/lib/thumb/v6-m/nofp/libc_nano.a(libc_a-lock.o)
                0x200006c4                __lock___malloc_recursive_mutex
 *fill*         0x200006c5        0x3 
 .bss.__malloc_sbrk_start
                0x200006c8        0x4 /opt/st/stm32cubeide_1.19.0/plugins/com.st.stm32cube.ide.mcu.externaltools.gnu-tools-for-stm32.13.3.rel1.linux64_1.0.0.202410170706/tools/bin/../lib/gcc/arm-none-eabi/13.3.1/../../../../arm-none-eabi/lib/thumb/v6-m/nofp/libc_nano.a(libc_a-mallocr.o)
                0x200006c8                __malloc_sbrk_start
 .bss.__malloc_free_list
                0x200006cc        0x4 /opt/st/stm32cubeide_1.19.0/plugins/com.st.stm32cube.ide.mcu.externaltools.gnu-tools-for-stm32.13.3.rel1.linux64_1.0.0.202410170706/tools/bin/../lib/gcc/arm-none-eabi/13.3.1/../../../../arm-none-eabi/lib/thumb/v6-m/nofp/libc_nano.a(libc_a-mallocr.o)
                0x200006cc                __malloc_free_list
 *(COMMON)
                0x200006d0                        . = ALIGN (0x4)
                0x200006d0                        _ebss = .
                0x200006d0                        __bss_end__ = _ebss

._user_heap_stack
                0x200006d0      0x600 load address 0x0800627c
                0x200006d0                        . = ALIGN (0x8)
                [!provide]                        PROVIDE (end = .)
                0x200006d0                        PROVIDE (_end = .)
                0x200008d0                        . = (. + _Min_Heap_Size)
 *fill*         0x200006d0      0x200 
                0x20000cd0                        . = (. + _Min_Stack_Size)
 *fill*         0x200008d0      0x400 
                0x20000cd0                        . = ALIGN (0x8)

/DISCARD/
 libc.a(*)
 libm.a(*)
 libgcc.a(*)

.ARM.attributes
                0x00000000       0x28
 *(.ARM.attributes)
 .ARM.attributes
                0x00000000       0x1e /opt/st/stm32cubeide_1.19.0/plugins/com.st.stm32cube.ide.mcu.externaltools.gnu-tools-for-stm32.13.3.rel1.linux64_1.0.0.202410170706/tools/bin/../lib/gcc/arm-none-eabi/13.3.1/thumb/v6-m/nofp/crti.o
 .ARM.attributes
                0x0000001e       0x2c /opt/st/stm32cubeide_1.19.0/plugins/com.st.stm32cube.ide.mcu.externaltools.gnu-tools-for-stm32.13.3.rel1.linux64_1.0.0.202410170706/tools/bin/../lib/gcc/arm-none-eabi/13.3.1/thumb/v6-m/nofp/crtbegin.o
 .ARM.attributes
                0x0000004a       0x2c ./Core/Src/cropwatch_logo.o
 .ARM.attributes
                0x00000076       0x2c ./Core/Src/main.o
 .ARM.attributes
                0x000000a2       0x2c ./Core/Src/ssd1306.o
 .ARM.attributes
                0x000000ce       0x2c ./Core/Src/stm32l0xx_hal_msp.o
 .ARM.attributes
                0x000000fa       0x2c ./Core/Src/stm32l0xx_it.o
 .ARM.attributes
                0x00000126       0x2c ./Core/Src/sysmem.o
 .ARM.attributes
                0x00000152       0x2c ./Core/Src/system_stm32l0xx.o
 .ARM.attributes
                0x0000017e       0x2c ./Core/Src/thermometer_icon.o
 .ARM.attributes
                0x000001aa       0x2c ./Core/Src/sensirion/sensirion.o
 .ARM.attributes
                0x000001d6       0x2c ./Core/Src/sensirion/sensirion_common.o
 .ARM.attributes
                0x00000202       0x2c ./Core/Src/sensirion/sensirion_i2c.o
 .ARM.attributes
                0x0000022e       0x2c ./Core/Src/sensirion/sensirion_i2c_hal.o
 .ARM.attributes
                0x0000025a       0x2c ./Core/Src/sensirion/sht4x_i2c.o
 .ARM.attributes
                0x00000286       0x22 ./Core/Startup/startup_stm32l073rztx.o
 .ARM.attributes
                0x000002a8       0x2c ./Drivers/STM32L0xx_HAL_Driver/Src/stm32l0xx_hal.o
 .ARM.attributes
                0x000002d4       0x2c ./Drivers/STM32L0xx_HAL_Driver/Src/stm32l0xx_hal_cortex.o
 .ARM.attributes
                0x00000300       0x2c ./Drivers/STM32L0xx_HAL_Driver/Src/stm32l0xx_hal_gpio.o
 .ARM.attributes
                0x0000032c       0x2c ./Drivers/STM32L0xx_HAL_Driver/Src/stm32l0xx_hal_i2c.o
 .ARM.attributes
                0x00000358       0x2c ./Drivers/STM32L0xx_HAL_Driver/Src/stm32l0xx_hal_i2c_ex.o
 .ARM.attributes
                0x00000384       0x2c ./Drivers/STM32L0xx_HAL_Driver/Src/stm32l0xx_hal_pwr.o
 .ARM.attributes
                0x000003b0       0x2c ./Drivers/STM32L0xx_HAL_Driver/Src/stm32l0xx_hal_rcc.o
 .ARM.attributes
                0x000003dc       0x2c ./Drivers/STM32L0xx_HAL_Driver/Src/stm32l0xx_hal_rcc_ex.o
 .ARM.attributes
                0x00000408       0x2c ./Drivers/STM32L0xx_HAL_Driver/Src/stm32l0xx_hal_uart.o
 .ARM.attributes
                0x00000434       0x2c /opt/st/stm32cubeide_1.19.0/plugins/com.st.stm32cube.ide.mcu.externaltools.gnu-tools-for-stm32.13.3.rel1.linux64_1.0.0.202410170706/tools/bin/../lib/gcc/arm-none-eabi/13.3.1/../../../../arm-none-eabi/lib/thumb/v6-m/nofp/libc_nano.a(libc_a-findfp.o)
 .ARM.attributes
                0x00000460       0x2c /opt/st/stm32cubeide_1.19.0/plugins/com.st.stm32cube.ide.mcu.externaltools.gnu-tools-for-stm32.13.3.rel1.linux64_1.0.0.202410170706/tools/bin/../lib/gcc/arm-none-eabi/13.3.1/../../../../arm-none-eabi/lib/thumb/v6-m/nofp/libc_nano.a(libc_a-snprintf.o)
 .ARM.attributes
                0x0000048c       0x2c /opt/st/stm32cubeide_1.19.0/plugins/com.st.stm32cube.ide.mcu.externaltools.gnu-tools-for-stm32.13.3.rel1.linux64_1.0.0.202410170706/tools/bin/../lib/gcc/arm-none-eabi/13.3.1/../../../../arm-none-eabi/lib/thumb/v6-m/nofp/libc_nano.a(libc_a-memset.o)
 .ARM.attributes
                0x000004b8       0x2c /opt/st/stm32cubeide_1.19.0/plugins/com.st.stm32cube.ide.mcu.externaltools.gnu-tools-for-stm32.13.3.rel1.linux64_1.0.0.202410170706/tools/bin/../lib/gcc/arm-none-eabi/13.3.1/../../../../arm-none-eabi/lib/thumb/v6-m/nofp/libc_nano.a(libc_a-strncmp.o)
 .ARM.attributes
                0x000004e4       0x2c /opt/st/stm32cubeide_1.19.0/plugins/com.st.stm32cube.ide.mcu.externaltools.gnu-tools-for-stm32.13.3.rel1.linux64_1.0.0.202410170706/tools/bin/../lib/gcc/arm-none-eabi/13.3.1/../../../../arm-none-eabi/lib/thumb/v6-m/nofp/libc_nano.a(libc_a-reent.o)
 .ARM.attributes
                0x00000510       0x2c /opt/st/stm32cubeide_1.19.0/plugins/com.st.stm32cube.ide.mcu.externaltools.gnu-tools-for-stm32.13.3.rel1.linux64_1.0.0.202410170706/tools/bin/../lib/gcc/arm-none-eabi/13.3.1/../../../../arm-none-eabi/lib/thumb/v6-m/nofp/libc_nano.a(libc_a-impure.o)
 .ARM.attributes
                0x0000053c       0x2c /opt/st/stm32cubeide_1.19.0/plugins/com.st.stm32cube.ide.mcu.externaltools.gnu-tools-for-stm32.13.3.rel1.linux64_1.0.0.202410170706/tools/bin/../lib/gcc/arm-none-eabi/13.3.1/../../../../arm-none-eabi/lib/thumb/v6-m/nofp/libc_nano.a(libc_a-errno.o)
 .ARM.attributes
                0x00000568       0x2c /opt/st/stm32cubeide_1.19.0/plugins/com.st.stm32cube.ide.mcu.externaltools.gnu-tools-for-stm32.13.3.rel1.linux64_1.0.0.202410170706/tools/bin/../lib/gcc/arm-none-eabi/13.3.1/../../../../arm-none-eabi/lib/thumb/v6-m/nofp/libc_nano.a(libc_a-init.o)
 .ARM.attributes
                0x00000594       0x2c /opt/st/stm32cubeide_1.19.0/plugins/com.st.stm32cube.ide.mcu.externaltools.gnu-tools-for-stm32.13.3.rel1.linux64_1.0.0.202410170706/tools/bin/../lib/gcc/arm-none-eabi/13.3.1/../../../../arm-none-eabi/lib/thumb/v6-m/nofp/libc_nano.a(libc_a-lock.o)
 .ARM.attributes
                0x000005c0       0x2c /opt/st/stm32cubeide_1.19.0/plugins/com.st.stm32cube.ide.mcu.externaltools.gnu-tools-for-stm32.13.3.rel1.linux64_1.0.0.202410170706/tools/bin/../lib/gcc/arm-none-eabi/13.3.1/../../../../arm-none-eabi/lib/thumb/v6-m/nofp/libc_nano.a(libc_a-memcpy-stub.o)
 .ARM.attributes
                0x000005ec       0x2c /opt/st/stm32cubeide_1.19.0/plugins/com.st.stm32cube.ide.mcu.externaltools.gnu-tools-for-stm32.13.3.rel1.linux64_1.0.0.202410170706/tools/bin/../lib/gcc/arm-none-eabi/13.3.1/../../../../arm-none-eabi/lib/thumb/v6-m/nofp/libc_nano.a(libc_a-freer.o)
 .ARM.attributes
                0x00000618       0x2c /opt/st/stm32cubeide_1.19.0/plugins/com.st.stm32cube.ide.mcu.externaltools.gnu-tools-for-stm32.13.3.rel1.linux64_1.0.0.202410170706/tools/bin/../lib/gcc/arm-none-eabi/13.3.1/../../../../arm-none-eabi/lib/thumb/v6-m/nofp/libc_nano.a(libc_a-mallocr.o)
 .ARM.attributes
                0x00000644       0x2c /opt/st/stm32cubeide_1.19.0/plugins/com.st.stm32cube.ide.mcu.externaltools.gnu-tools-for-stm32.13.3.rel1.linux64_1.0.0.202410170706/tools/bin/../lib/gcc/arm-none-eabi/13.3.1/../../../../arm-none-eabi/lib/thumb/v6-m/nofp/libc_nano.a(libc_a-mlock.o)
 .ARM.attributes
                0x00000670       0x2c /opt/st/stm32cubeide_1.19.0/plugins/com.st.stm32cube.ide.mcu.externaltools.gnu-tools-for-stm32.13.3.rel1.linux64_1.0.0.202410170706/tools/bin/../lib/gcc/arm-none-eabi/13.3.1/../../../../arm-none-eabi/lib/thumb/v6-m/nofp/libc_nano.a(libc_a-nano-svfprintf.o)
 .ARM.attributes
                0x0000069c       0x2c /opt/st/stm32cubeide_1.19.0/plugins/com.st.stm32cube.ide.mcu.externaltools.gnu-tools-for-stm32.13.3.rel1.linux64_1.0.0.202410170706/tools/bin/../lib/gcc/arm-none-eabi/13.3.1/../../../../arm-none-eabi/lib/thumb/v6-m/nofp/libc_nano.a(libc_a-nano-vfprintf_i.o)
 .ARM.attributes
                0x000006c8       0x2c /opt/st/stm32cubeide_1.19.0/plugins/com.st.stm32cube.ide.mcu.externaltools.gnu-tools-for-stm32.13.3.rel1.linux64_1.0.0.202410170706/tools/bin/../lib/gcc/arm-none-eabi/13.3.1/../../../../arm-none-eabi/lib/thumb/v6-m/nofp/libc_nano.a(libc_a-memmove.o)
 .ARM.attributes
                0x000006f4       0x2c /opt/st/stm32cubeide_1.19.0/plugins/com.st.stm32cube.ide.mcu.externaltools.gnu-tools-for-stm32.13.3.rel1.linux64_1.0.0.202410170706/tools/bin/../lib/gcc/arm-none-eabi/13.3.1/../../../../arm-none-eabi/lib/thumb/v6-m/nofp/libc_nano.a(libc_a-sbrkr.o)
 .ARM.attributes
                0x00000720       0x2c /opt/st/stm32cubeide_1.19.0/plugins/com.st.stm32cube.ide.mcu.externaltools.gnu-tools-for-stm32.13.3.rel1.linux64_1.0.0.202410170706/tools/bin/../lib/gcc/arm-none-eabi/13.3.1/../../../../arm-none-eabi/lib/thumb/v6-m/nofp/libc_nano.a(libc_a-memchr-stub.o)
 .ARM.attributes
                0x0000074c       0x2c /opt/st/stm32cubeide_1.19.0/plugins/com.st.stm32cube.ide.mcu.externaltools.gnu-tools-for-stm32.13.3.rel1.linux64_1.0.0.202410170706/tools/bin/../lib/gcc/arm-none-eabi/13.3.1/../../../../arm-none-eabi/lib/thumb/v6-m/nofp/libc_nano.a(libc_a-reallocr.o)
 .ARM.attributes
                0x00000778       0x2c /opt/st/stm32cubeide_1.19.0/plugins/com.st.stm32cube.ide.mcu.externaltools.gnu-tools-for-stm32.13.3.rel1.linux64_1.0.0.202410170706/tools/bin/../lib/gcc/arm-none-eabi/13.3.1/../../../../arm-none-eabi/lib/thumb/v6-m/nofp/libc_nano.a(libc_a-msizer.o)
 .ARM.attributes
                0x000007a4       0x1e /opt/st/stm32cubeide_1.19.0/plugins/com.st.stm32cube.ide.mcu.externaltools.gnu-tools-for-stm32.13.3.rel1.linux64_1.0.0.202410170706/tools/bin/../lib/gcc/arm-none-eabi/13.3.1/thumb/v6-m/nofp/libgcc.a(_thumb1_case_shi.o)
 .ARM.attributes
                0x000007c2       0x1e /opt/st/stm32cubeide_1.19.0/plugins/com.st.stm32cube.ide.mcu.externaltools.gnu-tools-for-stm32.13.3.rel1.linux64_1.0.0.202410170706/tools/bin/../lib/gcc/arm-none-eabi/13.3.1/thumb/v6-m/nofp/libgcc.a(_udivsi3.o)
 .ARM.attributes
                0x000007e0       0x1e /opt/st/stm32cubeide_1.19.0/plugins/com.st.stm32cube.ide.mcu.externaltools.gnu-tools-for-stm32.13.3.rel1.linux64_1.0.0.202410170706/tools/bin/../lib/gcc/arm-none-eabi/13.3.1/thumb/v6-m/nofp/libgcc.a(_divsi3.o)
 .ARM.attributes
                0x000007fe       0x1e /opt/st/stm32cubeide_1.19.0/plugins/com.st.stm32cube.ide.mcu.externaltools.gnu-tools-for-stm32.13.3.rel1.linux64_1.0.0.202410170706/tools/bin/../lib/gcc/arm-none-eabi/13.3.1/thumb/v6-m/nofp/libgcc.a(_dvmd_tls.o)
 .ARM.attributes
                0x0000081c       0x1e /opt/st/stm32cubeide_1.19.0/plugins/com.st.stm32cube.ide.mcu.externaltools.gnu-tools-for-stm32.13.3.rel1.linux64_1.0.0.202410170706/tools/bin/../lib/gcc/arm-none-eabi/13.3.1/thumb/v6-m/nofp/libgcc.a(_aeabi_uldivmod.o)
 .ARM.attributes
                0x0000083a       0x2c /opt/st/stm32cubeide_1.19.0/plugins/com.st.stm32cube.ide.mcu.externaltools.gnu-tools-for-stm32.13.3.rel1.linux64_1.0.0.202410170706/tools/bin/../lib/gcc/arm-none-eabi/13.3.1/thumb/v6-m/nofp/libgcc.a(_udivmoddi4.o)
 .ARM.attributes
                0x00000866       0x1e /opt/st/stm32cubeide_1.19.0/plugins/com.st.stm32cube.ide.mcu.externaltools.gnu-tools-for-stm32.13.3.rel1.linux64_1.0.0.202410170706/tools/bin/../lib/gcc/arm-none-eabi/13.3.1/thumb/v6-m/nofp/libgcc.a(_clzdi2.o)
 .ARM.attributes
                0x00000884       0x1e /opt/st/stm32cubeide_1.19.0/plugins/com.st.stm32cube.ide.mcu.externaltools.gnu-tools-for-stm32.13.3.rel1.linux64_1.0.0.202410170706/tools/bin/../lib/gcc/arm-none-eabi/13.3.1/thumb/v6-m/nofp/libgcc.a(_clzsi2.o)
 .ARM.attributes
                0x000008a2       0x1e /opt/st/stm32cubeide_1.19.0/plugins/com.st.stm32cube.ide.mcu.externaltools.gnu-tools-for-stm32.13.3.rel1.linux64_1.0.0.202410170706/tools/bin/../lib/gcc/arm-none-eabi/13.3.1/thumb/v6-m/nofp/crtn.o
OUTPUT(sht43.elf elf32-littlearm)
LOAD linker stubs
LOAD /opt/st/stm32cubeide_1.19.0/plugins/com.st.stm32cube.ide.mcu.externaltools.gnu-tools-for-stm32.13.3.rel1.linux64_1.0.0.202410170706/tools/bin/../lib/gcc/arm-none-eabi/13.3.1/../../../../arm-none-eabi/lib/thumb/v6-m/nofp/libc.a
LOAD /opt/st/stm32cubeide_1.19.0/plugins/com.st.stm32cube.ide.mcu.externaltools.gnu-tools-for-stm32.13.3.rel1.linux64_1.0.0.202410170706/tools/bin/../lib/gcc/arm-none-eabi/13.3.1/../../../../arm-none-eabi/lib/thumb/v6-m/nofp/libm.a
LOAD /opt/st/stm32cubeide_1.19.0/plugins/com.st.stm32cube.ide.mcu.externaltools.gnu-tools-for-stm32.13.3.rel1.linux64_1.0.0.202410170706/tools/bin/../lib/gcc/arm-none-eabi/13.3.1/thumb/v6-m/nofp/libgcc.a

.debug_info     0x00000000     0xf1b6
 .debug_info    0x00000000       0xb6 ./Core/Src/cropwatch_logo.o
 .debug_info    0x000000b6     0x182b ./Core/Src/main.o
 .debug_info    0x000018e1      0xd0a ./Core/Src/ssd1306.o
 .debug_info    0x000025eb      0xd9e ./Core/Src/stm32l0xx_hal_msp.o
 .debug_info    0x00003389      0x123 ./Core/Src/stm32l0xx_it.o
 .debug_info    0x000034ac      0x168 ./Core/Src/sysmem.o
 .debug_info    0x00003614      0x2d0 ./Core/Src/system_stm32l0xx.o
 .debug_info    0x000038e4       0xb5 ./Core/Src/thermometer_icon.o
 .debug_info    0x00003999      0x990 ./Core/Src/sensirion/sensirion.o
 .debug_info    0x00004329      0x384 ./Core/Src/sensirion/sensirion_common.o
 .debug_info    0x000046ad      0x906 ./Core/Src/sensirion/sensirion_i2c.o
 .debug_info    0x00004fb3      0x7ac ./Core/Src/sensirion/sensirion_i2c_hal.o
 .debug_info    0x0000575f      0x5e6 ./Core/Src/sensirion/sht4x_i2c.o
 .debug_info    0x00005d45       0x30 ./Core/Startup/startup_stm32l073rztx.o
 .debug_info    0x00005d75      0x8ac ./Drivers/STM32L0xx_HAL_Driver/Src/stm32l0xx_hal.o
 .debug_info    0x00006621      0x8a2 ./Drivers/STM32L0xx_HAL_Driver/Src/stm32l0xx_hal_cortex.o
 .debug_info    0x00006ec3      0x617 ./Drivers/STM32L0xx_HAL_Driver/Src/stm32l0xx_hal_gpio.o
 .debug_info    0x000074da     0x20da ./Drivers/STM32L0xx_HAL_Driver/Src/stm32l0xx_hal_i2c.o
 .debug_info    0x000095b4      0x878 ./Drivers/STM32L0xx_HAL_Driver/Src/stm32l0xx_hal_i2c_ex.o
 .debug_info    0x00009e2c      0x60d ./Drivers/STM32L0xx_HAL_Driver/Src/stm32l0xx_hal_pwr.o
 .debug_info    0x0000a439      0xa2a ./Drivers/STM32L0xx_HAL_Driver/Src/stm32l0xx_hal_rcc.o
 .debug_info    0x0000ae63      0x7ed ./Drivers/STM32L0xx_HAL_Driver/Src/stm32l0xx_hal_rcc_ex.o
 .debug_info    0x0000b650     0x3b66 ./Drivers/STM32L0xx_HAL_Driver/Src/stm32l0xx_hal_uart.o

.debug_abbrev   0x00000000     0x2877
 .debug_abbrev  0x00000000       0x72 ./Core/Src/cropwatch_logo.o
 .debug_abbrev  0x00000072      0x367 ./Core/Src/main.o
 .debug_abbrev  0x000003d9      0x2f6 ./Core/Src/ssd1306.o
 .debug_abbrev  0x000006cf      0x1c8 ./Core/Src/stm32l0xx_hal_msp.o
 .debug_abbrev  0x00000897       0xa1 ./Core/Src/stm32l0xx_it.o
 .debug_abbrev  0x00000938       0xbc ./Core/Src/sysmem.o
 .debug_abbrev  0x000009f4      0x11c ./Core/Src/system_stm32l0xx.o
 .debug_abbrev  0x00000b10       0x72 ./Core/Src/thermometer_icon.o
 .debug_abbrev  0x00000b82      0x259 ./Core/Src/sensirion/sensirion.o
 .debug_abbrev  0x00000ddb      0x120 ./Core/Src/sensirion/sensirion_common.o
 .debug_abbrev  0x00000efb      0x1b0 ./Core/Src/sensirion/sensirion_i2c.o
 .debug_abbrev  0x000010ab      0x20f ./Core/Src/sensirion/sensirion_i2c_hal.o
 .debug_abbrev  0x000012ba      0x161 ./Core/Src/sensirion/sht4x_i2c.o
 .debug_abbrev  0x0000141b       0x24 ./Core/Startup/startup_stm32l073rztx.o
 .debug_abbrev  0x0000143f      0x2a0 ./Drivers/STM32L0xx_HAL_Driver/Src/stm32l0xx_hal.o
 .debug_abbrev  0x000016df      0x29b ./Drivers/STM32L0xx_HAL_Driver/Src/stm32l0xx_hal_cortex.o
 .debug_abbrev  0x0000197a      0x1cb ./Drivers/STM32L0xx_HAL_Driver/Src/stm32l0xx_hal_gpio.o
 .debug_abbrev  0x00001b45      0x270 ./Drivers/STM32L0xx_HAL_Driver/Src/stm32l0xx_hal_i2c.o
 .debug_abbrev  0x00001db5      0x1b9 ./Drivers/STM32L0xx_HAL_Driver/Src/stm32l0xx_hal_i2c_ex.o
 .debug_abbrev  0x00001f6e      0x179 ./Drivers/STM32L0xx_HAL_Driver/Src/stm32l0xx_hal_pwr.o
 .debug_abbrev  0x000020e7      0x296 ./Drivers/STM32L0xx_HAL_Driver/Src/stm32l0xx_hal_rcc.o
 .debug_abbrev  0x0000237d      0x21a ./Drivers/STM32L0xx_HAL_Driver/Src/stm32l0xx_hal_rcc_ex.o
 .debug_abbrev  0x00002597      0x2e0 ./Drivers/STM32L0xx_HAL_Driver/Src/stm32l0xx_hal_uart.o

.debug_aranges  0x00000000      0xd78
 .debug_aranges
                0x00000000       0x18 ./Core/Src/cropwatch_logo.o
 .debug_aranges
                0x00000018       0x60 ./Core/Src/main.o
 .debug_aranges
                0x00000078       0x88 ./Core/Src/ssd1306.o
 .debug_aranges
                0x00000100       0x40 ./Core/Src/stm32l0xx_hal_msp.o
 .debug_aranges
                0x00000140       0x50 ./Core/Src/stm32l0xx_it.o
 .debug_aranges
                0x00000190       0x20 ./Core/Src/sysmem.o
 .debug_aranges
                0x000001b0       0x28 ./Core/Src/system_stm32l0xx.o
 .debug_aranges
                0x000001d8       0x18 ./Core/Src/thermometer_icon.o
 .debug_aranges
                0x000001f0       0x48 ./Core/Src/sensirion/sensirion.o
 .debug_aranges
                0x00000238       0x70 ./Core/Src/sensirion/sensirion_common.o
 .debug_aranges
                0x000002a8       0xc0 ./Core/Src/sensirion/sensirion_i2c.o
 .debug_aranges
                0x00000368       0x40 ./Core/Src/sensirion/sensirion_i2c_hal.o
 .debug_aranges
                0x000003a8       0x78 ./Core/Src/sensirion/sht4x_i2c.o
 .debug_aranges
                0x00000420       0x28 ./Core/Startup/startup_stm32l073rztx.o
 .debug_aranges
                0x00000448      0x110 ./Drivers/STM32L0xx_HAL_Driver/Src/stm32l0xx_hal.o
 .debug_aranges
                0x00000558       0xe8 ./Drivers/STM32L0xx_HAL_Driver/Src/stm32l0xx_hal_cortex.o
 .debug_aranges
                0x00000640       0x58 ./Drivers/STM32L0xx_HAL_Driver/Src/stm32l0xx_hal_gpio.o
 .debug_aranges
                0x00000698      0x2a0 ./Drivers/STM32L0xx_HAL_Driver/Src/stm32l0xx_hal_i2c.o
 .debug_aranges
                0x00000938       0x48 ./Drivers/STM32L0xx_HAL_Driver/Src/stm32l0xx_hal_i2c_ex.o
 .debug_aranges
                0x00000980       0xa0 ./Drivers/STM32L0xx_HAL_Driver/Src/stm32l0xx_hal_pwr.o
 .debug_aranges
                0x00000a20       0x80 ./Drivers/STM32L0xx_HAL_Driver/Src/stm32l0xx_hal_rcc.o
 .debug_aranges
                0x00000aa0       0xb0 ./Drivers/STM32L0xx_HAL_Driver/Src/stm32l0xx_hal_rcc_ex.o
 .debug_aranges
                0x00000b50      0x228 ./Drivers/STM32L0xx_HAL_Driver/Src/stm32l0xx_hal_uart.o

.debug_macro    0x00000000    0x1641d
 .debug_macro   0x00000000       0x6c ./Core/Src/cropwatch_logo.o
 .debug_macro   0x0000006c      0xaae ./Core/Src/cropwatch_logo.o
 .debug_macro   0x00000b1a       0x22 ./Core/Src/cropwatch_logo.o
 .debug_macro   0x00000b3c       0x8e ./Core/Src/cropwatch_logo.o
 .debug_macro   0x00000bca       0x51 ./Core/Src/cropwatch_logo.o
 .debug_macro   0x00000c1b      0x103 ./Core/Src/cropwatch_logo.o
 .debug_macro   0x00000d1e       0x6a ./Core/Src/cropwatch_logo.o
 .debug_macro   0x00000d88      0x1df ./Core/Src/cropwatch_logo.o
 .debug_macro   0x00000f67       0x1c ./Core/Src/cropwatch_logo.o
 .debug_macro   0x00000f83      0x353 ./Core/Src/main.o
 .debug_macro   0x000012d6      0x11f ./Core/Src/main.o
 .debug_macro   0x000013f5       0x2e ./Core/Src/main.o
 .debug_macro   0x00001423       0x28 ./Core/Src/main.o
 .debug_macro   0x0000144b       0x1c ./Core/Src/main.o
 .debug_macro   0x00001467       0x22 ./Core/Src/main.o
 .debug_macro   0x00001489       0xaf ./Core/Src/main.o
 .debug_macro   0x00001538      0x4da ./Core/Src/main.o
 .debug_macro   0x00001a12      0x11f ./Core/Src/main.o
 .debug_macro   0x00001b31     0xa683 ./Core/Src/main.o
 .debug_macro   0x0000c1b4       0x66 ./Core/Src/main.o
 .debug_macro   0x0000c21a     0x35ac ./Core/Src/main.o
 .debug_macro   0x0000f7c6      0x190 ./Core/Src/main.o
 .debug_macro   0x0000f956       0x5c ./Core/Src/main.o
 .debug_macro   0x0000f9b2      0x8ea ./Core/Src/main.o
 .debug_macro   0x0001029c      0xbb4 ./Core/Src/main.o
 .debug_macro   0x00010e50      0x197 ./Core/Src/main.o
 .debug_macro   0x00010fe7      0x13f ./Core/Src/main.o
 .debug_macro   0x00011126      0x1d1 ./Core/Src/main.o
 .debug_macro   0x000112f7       0x82 ./Core/Src/main.o
 .debug_macro   0x00011379      0x28e ./Core/Src/main.o
 .debug_macro   0x00011607      0x1e9 ./Core/Src/main.o
 .debug_macro   0x000117f0      0x13d ./Core/Src/main.o
 .debug_macro   0x0001192d      0x4ac ./Core/Src/main.o
 .debug_macro   0x00011dd9      0x22c ./Core/Src/main.o
 .debug_macro   0x00012005       0x5b ./Core/Src/main.o
 .debug_macro   0x00012060       0xa5 ./Core/Src/main.o
 .debug_macro   0x00012105      0x186 ./Core/Src/main.o
 .debug_macro   0x0001228b       0x16 ./Core/Src/main.o
 .debug_macro   0x000122a1      0x5cf ./Core/Src/main.o
 .debug_macro   0x00012870       0x44 ./Core/Src/main.o
 .debug_macro   0x000128b4      0x1a2 ./Core/Src/main.o
 .debug_macro   0x00012a56       0x6a ./Core/Src/main.o
 .debug_macro   0x00012ac0       0x22 ./Core/Src/main.o
 .debug_macro   0x00012ae2       0x61 ./Core/Src/main.o
 .debug_macro   0x00012b43       0x24 ./Core/Src/main.o
 .debug_macro   0x00012b67       0x43 ./Core/Src/main.o
 .debug_macro   0x00012baa       0x34 ./Core/Src/main.o
 .debug_macro   0x00012bde       0x16 ./Core/Src/main.o
 .debug_macro   0x00012bf4       0x3c ./Core/Src/main.o
 .debug_macro   0x00012c30      0x370 ./Core/Src/main.o
 .debug_macro   0x00012fa0       0x10 ./Core/Src/main.o
 .debug_macro   0x00012fb0       0x16 ./Core/Src/main.o
 .debug_macro   0x00012fc6       0x4a ./Core/Src/main.o
 .debug_macro   0x00013010       0x34 ./Core/Src/main.o
 .debug_macro   0x00013044       0x10 ./Core/Src/main.o
 .debug_macro   0x00013054       0x58 ./Core/Src/main.o
 .debug_macro   0x000130ac       0x8e ./Core/Src/main.o
 .debug_macro   0x0001313a       0x1c ./Core/Src/main.o
 .debug_macro   0x00013156      0x185 ./Core/Src/main.o
 .debug_macro   0x000132db       0x16 ./Core/Src/main.o
 .debug_macro   0x000132f1       0x16 ./Core/Src/main.o
 .debug_macro   0x00013307      0x146 ./Core/Src/main.o
 .debug_macro   0x0001344d       0x16 ./Core/Src/main.o
 .debug_macro   0x00013463       0x20 ./Core/Src/main.o
 .debug_macro   0x00013483       0x16 ./Core/Src/main.o
 .debug_macro   0x00013499       0x16 ./Core/Src/main.o
 .debug_macro   0x000134af       0x29 ./Core/Src/main.o
 .debug_macro   0x000134d8       0x28 ./Core/Src/main.o
 .debug_macro   0x00013500       0x3a ./Core/Src/main.o
 .debug_macro   0x0001353a       0x22 ./Core/Src/main.o
 .debug_macro   0x0001355c       0x1c ./Core/Src/main.o
 .debug_macro   0x00013578      0x2b6 ./Core/Src/ssd1306.o
 .debug_macro   0x0001382e       0x10 ./Core/Src/ssd1306.o
 .debug_macro   0x0001383e      0x1c9 ./Core/Src/stm32l0xx_hal_msp.o
 .debug_macro   0x00013a07      0x1d3 ./Core/Src/stm32l0xx_it.o
 .debug_macro   0x00013bda      0x112 ./Core/Src/sysmem.o
 .debug_macro   0x00013cec      0x23c ./Core/Src/sysmem.o
 .debug_macro   0x00013f28      0x1ba ./Core/Src/system_stm32l0xx.o
 .debug_macro   0x000140e2       0x6c ./Core/Src/thermometer_icon.o
 .debug_macro   0x0001414e      0x32b ./Core/Src/sensirion/sensirion.o
 .debug_macro   0x00014479       0x34 ./Core/Src/sensirion/sensirion.o
 .debug_macro   0x000144ad       0x1c ./Core/Src/sensirion/sensirion.o
 .debug_macro   0x000144c9       0x2e ./Core/Src/sensirion/sensirion.o
 .debug_macro   0x000144f7       0x10 ./Core/Src/sensirion/sensirion.o
 .debug_macro   0x00014507      0x460 ./Core/Src/sensirion/sensirion.o
 .debug_macro   0x00014967      0x150 ./Core/Src/sensirion/sensirion_common.o
 .debug_macro   0x00014ab7      0x11c ./Core/Src/sensirion/sensirion_common.o
 .debug_macro   0x00014bd3       0x9b ./Core/Src/sensirion/sensirion_common.o
 .debug_macro   0x00014c6e      0x197 ./Core/Src/sensirion/sensirion_i2c.o
 .debug_macro   0x00014e05       0x46 ./Core/Src/sensirion/sensirion_i2c.o
 .debug_macro   0x00014e4b      0x2e6 ./Core/Src/sensirion/sensirion_i2c_hal.o
 .debug_macro   0x00015131      0x1a6 ./Core/Src/sensirion/sht4x_i2c.o
 .debug_macro   0x000152d7       0x4c ./Core/Src/sensirion/sht4x_i2c.o
 .debug_macro   0x00015323      0x1de ./Drivers/STM32L0xx_HAL_Driver/Src/stm32l0xx_hal.o
 .debug_macro   0x00015501      0x1ba ./Drivers/STM32L0xx_HAL_Driver/Src/stm32l0xx_hal_cortex.o
 .debug_macro   0x000156bb      0x1c1 ./Drivers/STM32L0xx_HAL_Driver/Src/stm32l0xx_hal_gpio.o
 .debug_macro   0x0001587c      0x286 ./Drivers/STM32L0xx_HAL_Driver/Src/stm32l0xx_hal_i2c.o
 .debug_macro   0x00015b02      0x1ba ./Drivers/STM32L0xx_HAL_Driver/Src/stm32l0xx_hal_i2c_ex.o
 .debug_macro   0x00015cbc      0x1d2 ./Drivers/STM32L0xx_HAL_Driver/Src/stm32l0xx_hal_pwr.o
 .debug_macro   0x00015e8e      0x1f0 ./Drivers/STM32L0xx_HAL_Driver/Src/stm32l0xx_hal_rcc.o
 .debug_macro   0x0001607e      0x1ba ./Drivers/STM32L0xx_HAL_Driver/Src/stm32l0xx_hal_rcc_ex.o
 .debug_macro   0x00016238      0x1e5 ./Drivers/STM32L0xx_HAL_Driver/Src/stm32l0xx_hal_uart.o

.debug_line     0x00000000    0x119e3
 .debug_line    0x00000000      0x361 ./Core/Src/cropwatch_logo.o
 .debug_line    0x00000361      0xdff ./Core/Src/main.o
 .debug_line    0x00001160      0xc01 ./Core/Src/ssd1306.o
 .debug_line    0x00001d61      0x72d ./Core/Src/stm32l0xx_hal_msp.o
 .debug_line    0x0000248e      0x71d ./Core/Src/stm32l0xx_it.o
 .debug_line    0x00002bab      0x4bd ./Core/Src/sysmem.o
 .debug_line    0x00003068      0x741 ./Core/Src/system_stm32l0xx.o
 .debug_line    0x000037a9      0x365 ./Core/Src/thermometer_icon.o
 .debug_line    0x00003b0e      0xa91 ./Core/Src/sensirion/sensirion.o
 .debug_line    0x0000459f      0x66e ./Core/Src/sensirion/sensirion_common.o
 .debug_line    0x00004c0d      0xa97 ./Core/Src/sensirion/sensirion_i2c.o
 .debug_line    0x000056a4      0x8d3 ./Core/Src/sensirion/sensirion_i2c_hal.o
 .debug_line    0x00005f77      0x856 ./Core/Src/sensirion/sht4x_i2c.o
 .debug_line    0x000067cd       0x7b ./Core/Startup/startup_stm32l073rztx.o
 .debug_line    0x00006848      0xa00 ./Drivers/STM32L0xx_HAL_Driver/Src/stm32l0xx_hal.o
 .debug_line    0x00007248      0xad1 ./Drivers/STM32L0xx_HAL_Driver/Src/stm32l0xx_hal_cortex.o
 .debug_line    0x00007d19      0xa75 ./Drivers/STM32L0xx_HAL_Driver/Src/stm32l0xx_hal_gpio.o
 .debug_line    0x0000878e     0x36a3 ./Drivers/STM32L0xx_HAL_Driver/Src/stm32l0xx_hal_i2c.o
 .debug_line    0x0000be31      0x7f6 ./Drivers/STM32L0xx_HAL_Driver/Src/stm32l0xx_hal_i2c_ex.o
 .debug_line    0x0000c627      0x8d3 ./Drivers/STM32L0xx_HAL_Driver/Src/stm32l0xx_hal_pwr.o
 .debug_line    0x0000cefa      0xf61 ./Drivers/STM32L0xx_HAL_Driver/Src/stm32l0xx_hal_rcc.o
 .debug_line    0x0000de5b      0xdb6 ./Drivers/STM32L0xx_HAL_Driver/Src/stm32l0xx_hal_rcc_ex.o
 .debug_line    0x0000ec11     0x2dd2 ./Drivers/STM32L0xx_HAL_Driver/Src/stm32l0xx_hal_uart.o

.debug_str      0x00000000    0x81a6c
 .debug_str     0x00000000    0x81a6c ./Core/Src/cropwatch_logo.o
                               0x3d85 (size before relaxing)
 .debug_str     0x00081a6c    0x7d46c ./Core/Src/main.o
 .debug_str     0x00081a6c    0x7beb6 ./Core/Src/ssd1306.o
 .debug_str     0x00081a6c    0x79015 ./Core/Src/stm32l0xx_hal_msp.o
 .debug_str     0x00081a6c    0x78670 ./Core/Src/stm32l0xx_it.o
 .debug_str     0x00081a6c     0x7672 ./Core/Src/sysmem.o
 .debug_str     0x00081a6c    0x7855b ./Core/Src/system_stm32l0xx.o
 .debug_str     0x00081a6c     0x3d9e ./Core/Src/thermometer_icon.o
 .debug_str     0x00081a6c    0x7d7b0 ./Core/Src/sensirion/sensirion.o
 .debug_str     0x00081a6c     0x75de ./Core/Src/sensirion/sensirion_common.o
 .debug_str     0x00081a6c     0x7eb9 ./Core/Src/sensirion/sensirion_i2c.o
 .debug_str     0x00081a6c    0x7c3e5 ./Core/Src/sensirion/sensirion_i2c_hal.o
 .debug_str     0x00081a6c     0x7e87 ./Core/Src/sensirion/sht4x_i2c.o
 .debug_str     0x00081a6c       0x78 ./Core/Startup/startup_stm32l073rztx.o
 .debug_str     0x00081a6c    0x78c8f ./Drivers/STM32L0xx_HAL_Driver/Src/stm32l0xx_hal.o
 .debug_str     0x00081a6c    0x78a1b ./Drivers/STM32L0xx_HAL_Driver/Src/stm32l0xx_hal_cortex.o
 .debug_str     0x00081a6c    0x786fb ./Drivers/STM32L0xx_HAL_Driver/Src/stm32l0xx_hal_gpio.o
 .debug_str     0x00081a6c    0x79866 ./Drivers/STM32L0xx_HAL_Driver/Src/stm32l0xx_hal_i2c.o
 .debug_str     0x00081a6c    0x78abf ./Drivers/STM32L0xx_HAL_Driver/Src/stm32l0xx_hal_i2c_ex.o
 .debug_str     0x00081a6c    0x787e6 ./Drivers/STM32L0xx_HAL_Driver/Src/stm32l0xx_hal_pwr.o
 .debug_str     0x00081a6c    0x78a94 ./Drivers/STM32L0xx_HAL_Driver/Src/stm32l0xx_hal_rcc.o
 .debug_str     0x00081a6c    0x78a5e ./Drivers/STM32L0xx_HAL_Driver/Src/stm32l0xx_hal_rcc_ex.o
 .debug_str     0x00081a6c    0x7931b ./Drivers/STM32L0xx_HAL_Driver/Src/stm32l0xx_hal_uart.o

.comment        0x00000000       0x43
 .comment       0x00000000       0x43 ./Core/Src/cropwatch_logo.o
                                 0x44 (size before relaxing)
 .comment       0x00000043       0x44 ./Core/Src/main.o
 .comment       0x00000043       0x44 ./Core/Src/ssd1306.o
 .comment       0x00000043       0x44 ./Core/Src/stm32l0xx_hal_msp.o
 .comment       0x00000043       0x44 ./Core/Src/stm32l0xx_it.o
 .comment       0x00000043       0x44 ./Core/Src/sysmem.o
 .comment       0x00000043       0x44 ./Core/Src/system_stm32l0xx.o
 .comment       0x00000043       0x44 ./Core/Src/thermometer_icon.o
 .comment       0x00000043       0x44 ./Core/Src/sensirion/sensirion.o
 .comment       0x00000043       0x44 ./Core/Src/sensirion/sensirion_common.o
 .comment       0x00000043       0x44 ./Core/Src/sensirion/sensirion_i2c.o
 .comment       0x00000043       0x44 ./Core/Src/sensirion/sensirion_i2c_hal.o
 .comment       0x00000043       0x44 ./Core/Src/sensirion/sht4x_i2c.o
 .comment       0x00000043       0x44 ./Drivers/STM32L0xx_HAL_Driver/Src/stm32l0xx_hal.o
 .comment       0x00000043       0x44 ./Drivers/STM32L0xx_HAL_Driver/Src/stm32l0xx_hal_cortex.o
 .comment       0x00000043       0x44 ./Drivers/STM32L0xx_HAL_Driver/Src/stm32l0xx_hal_gpio.o
 .comment       0x00000043       0x44 ./Drivers/STM32L0xx_HAL_Driver/Src/stm32l0xx_hal_i2c.o
 .comment       0x00000043       0x44 ./Drivers/STM32L0xx_HAL_Driver/Src/stm32l0xx_hal_i2c_ex.o
 .comment       0x00000043       0x44 ./Drivers/STM32L0xx_HAL_Driver/Src/stm32l0xx_hal_pwr.o
 .comment       0x00000043       0x44 ./Drivers/STM32L0xx_HAL_Driver/Src/stm32l0xx_hal_rcc.o
 .comment       0x00000043       0x44 ./Drivers/STM32L0xx_HAL_Driver/Src/stm32l0xx_hal_rcc_ex.o
 .comment       0x00000043       0x44 ./Drivers/STM32L0xx_HAL_Driver/Src/stm32l0xx_hal_uart.o

.debug_rnglists
                0x00000000      0xa4d
 .debug_rnglists
                0x00000000       0x57 ./Core/Src/main.o
 .debug_rnglists
                0x00000057       0x68 ./Core/Src/ssd1306.o
 .debug_rnglists
                0x000000bf       0x2d ./Core/Src/stm32l0xx_hal_msp.o
 .debug_rnglists
                0x000000ec       0x37 ./Core/Src/stm32l0xx_it.o
 .debug_rnglists
                0x00000123       0x13 ./Core/Src/sysmem.o
 .debug_rnglists
                0x00000136       0x1a ./Core/Src/system_stm32l0xx.o
 .debug_rnglists
                0x00000150       0x32 ./Core/Src/sensirion/sensirion.o
 .debug_rnglists
                0x00000182       0x4f ./Core/Src/sensirion/sensirion_common.o
 .debug_rnglists
                0x000001d1       0x94 ./Core/Src/sensirion/sensirion_i2c.o
 .debug_rnglists
                0x00000265       0x2b ./Core/Src/sensirion/sensirion_i2c_hal.o
 .debug_rnglists
                0x00000290       0x5f ./Core/Src/sensirion/sht4x_i2c.o
 .debug_rnglists
                0x000002ef       0x19 ./Core/Startup/startup_stm32l073rztx.o
 .debug_rnglists
                0x00000308       0xc7 ./Drivers/STM32L0xx_HAL_Driver/Src/stm32l0xx_hal.o
 .debug_rnglists
                0x000003cf       0xaa ./Drivers/STM32L0xx_HAL_Driver/Src/stm32l0xx_hal_cortex.o
 .debug_rnglists
                0x00000479       0x3f ./Drivers/STM32L0xx_HAL_Driver/Src/stm32l0xx_hal_gpio.o
 .debug_rnglists
                0x000004b8      0x229 ./Drivers/STM32L0xx_HAL_Driver/Src/stm32l0xx_hal_i2c.o
 .debug_rnglists
                0x000006e1       0x35 ./Drivers/STM32L0xx_HAL_Driver/Src/stm32l0xx_hal_i2c_ex.o
 .debug_rnglists
                0x00000716       0x76 ./Drivers/STM32L0xx_HAL_Driver/Src/stm32l0xx_hal_pwr.o
 .debug_rnglists
                0x0000078c       0x61 ./Drivers/STM32L0xx_HAL_Driver/Src/stm32l0xx_hal_rcc.o
 .debug_rnglists
                0x000007ed       0x85 ./Drivers/STM32L0xx_HAL_Driver/Src/stm32l0xx_hal_rcc_ex.o
 .debug_rnglists
                0x00000872      0x1db ./Drivers/STM32L0xx_HAL_Driver/Src/stm32l0xx_hal_uart.o

.debug_frame    0x00000000     0x33bc
 .debug_frame   0x00000000      0x128 ./Core/Src/main.o
 .debug_frame   0x00000128      0x1d8 ./Core/Src/ssd1306.o
 .debug_frame   0x00000300       0xac ./Core/Src/stm32l0xx_hal_msp.o
 .debug_frame   0x000003ac       0xd4 ./Core/Src/stm32l0xx_it.o
 .debug_frame   0x00000480       0x30 ./Core/Src/sysmem.o
 .debug_frame   0x000004b0       0x4c ./Core/Src/system_stm32l0xx.o
 .debug_frame   0x000004fc       0xcc ./Core/Src/sensirion/sensirion.o
 .debug_frame   0x000005c8      0x170 ./Core/Src/sensirion/sensirion_common.o
 .debug_frame   0x00000738      0x2d8 ./Core/Src/sensirion/sensirion_i2c.o
 .debug_frame   0x00000a10       0xb0 ./Core/Src/sensirion/sensirion_i2c_hal.o
 .debug_frame   0x00000ac0      0x1bc ./Core/Src/sensirion/sht4x_i2c.o
 .debug_frame   0x00000c7c      0x394 ./Drivers/STM32L0xx_HAL_Driver/Src/stm32l0xx_hal.o
 .debug_frame   0x00001010      0x33c ./Drivers/STM32L0xx_HAL_Driver/Src/stm32l0xx_hal_cortex.o
 .debug_frame   0x0000134c      0x110 ./Drivers/STM32L0xx_HAL_Driver/Src/stm32l0xx_hal_gpio.o
 .debug_frame   0x0000145c      0xa68 ./Drivers/STM32L0xx_HAL_Driver/Src/stm32l0xx_hal_i2c.o
 .debug_frame   0x00001ec4       0xd0 ./Drivers/STM32L0xx_HAL_Driver/Src/stm32l0xx_hal_i2c_ex.o
 .debug_frame   0x00001f94      0x200 ./Drivers/STM32L0xx_HAL_Driver/Src/stm32l0xx_hal_pwr.o
 .debug_frame   0x00002194      0x1a4 ./Drivers/STM32L0xx_HAL_Driver/Src/stm32l0xx_hal_rcc.o
 .debug_frame   0x00002338      0x244 ./Drivers/STM32L0xx_HAL_Driver/Src/stm32l0xx_hal_rcc_ex.o
 .debug_frame   0x0000257c      0x854 ./Drivers/STM32L0xx_HAL_Driver/Src/stm32l0xx_hal_uart.o
 .debug_frame   0x00002dd0      0x138 /opt/st/stm32cubeide_1.19.0/plugins/com.st.stm32cube.ide.mcu.externaltools.gnu-tools-for-stm32.13.3.rel1.linux64_1.0.0.202410170706/tools/bin/../lib/gcc/arm-none-eabi/13.3.1/../../../../arm-none-eabi/lib/thumb/v6-m/nofp/libc_nano.a(libc_a-findfp.o)
 .debug_frame   0x00002f08       0x50 /opt/st/stm32cubeide_1.19.0/plugins/com.st.stm32cube.ide.mcu.externaltools.gnu-tools-for-stm32.13.3.rel1.linux64_1.0.0.202410170706/tools/bin/../lib/gcc/arm-none-eabi/13.3.1/../../../../arm-none-eabi/lib/thumb/v6-m/nofp/libc_nano.a(libc_a-snprintf.o)
 .debug_frame   0x00002f58       0x20 /opt/st/stm32cubeide_1.19.0/plugins/com.st.stm32cube.ide.mcu.externaltools.gnu-tools-for-stm32.13.3.rel1.linux64_1.0.0.202410170706/tools/bin/../lib/gcc/arm-none-eabi/13.3.1/../../../../arm-none-eabi/lib/thumb/v6-m/nofp/libc_nano.a(libc_a-memset.o)
 .debug_frame   0x00002f78       0x2c /opt/st/stm32cubeide_1.19.0/plugins/com.st.stm32cube.ide.mcu.externaltools.gnu-tools-for-stm32.13.3.rel1.linux64_1.0.0.202410170706/tools/bin/../lib/gcc/arm-none-eabi/13.3.1/../../../../arm-none-eabi/lib/thumb/v6-m/nofp/libc_nano.a(libc_a-strncmp.o)
 .debug_frame   0x00002fa4       0x2c /opt/st/stm32cubeide_1.19.0/plugins/com.st.stm32cube.ide.mcu.externaltools.gnu-tools-for-stm32.13.3.rel1.linux64_1.0.0.202410170706/tools/bin/../lib/gcc/arm-none-eabi/13.3.1/../../../../arm-none-eabi/lib/thumb/v6-m/nofp/libc_nano.a(libc_a-reent.o)
 .debug_frame   0x00002fd0       0x20 /opt/st/stm32cubeide_1.19.0/plugins/com.st.stm32cube.ide.mcu.externaltools.gnu-tools-for-stm32.13.3.rel1.linux64_1.0.0.202410170706/tools/bin/../lib/gcc/arm-none-eabi/13.3.1/../../../../arm-none-eabi/lib/thumb/v6-m/nofp/libc_nano.a(libc_a-errno.o)
 .debug_frame   0x00002ff0       0x2c /opt/st/stm32cubeide_1.19.0/plugins/com.st.stm32cube.ide.mcu.externaltools.gnu-tools-for-stm32.13.3.rel1.linux64_1.0.0.202410170706/tools/bin/../lib/gcc/arm-none-eabi/13.3.1/../../../../arm-none-eabi/lib/thumb/v6-m/nofp/libc_nano.a(libc_a-init.o)
 .debug_frame   0x0000301c       0xb0 /opt/st/stm32cubeide_1.19.0/plugins/com.st.stm32cube.ide.mcu.externaltools.gnu-tools-for-stm32.13.3.rel1.linux64_1.0.0.202410170706/tools/bin/../lib/gcc/arm-none-eabi/13.3.1/../../../../arm-none-eabi/lib/thumb/v6-m/nofp/libc_nano.a(libc_a-lock.o)
 .debug_frame   0x000030cc       0x28 /opt/st/stm32cubeide_1.19.0/plugins/com.st.stm32cube.ide.mcu.externaltools.gnu-tools-for-stm32.13.3.rel1.linux64_1.0.0.202410170706/tools/bin/../lib/gcc/arm-none-eabi/13.3.1/../../../../arm-none-eabi/lib/thumb/v6-m/nofp/libc_nano.a(libc_a-memcpy-stub.o)
 .debug_frame   0x000030f4       0x2c /opt/st/stm32cubeide_1.19.0/plugins/com.st.stm32cube.ide.mcu.externaltools.gnu-tools-for-stm32.13.3.rel1.linux64_1.0.0.202410170706/tools/bin/../lib/gcc/arm-none-eabi/13.3.1/../../../../arm-none-eabi/lib/thumb/v6-m/nofp/libc_nano.a(libc_a-freer.o)
 .debug_frame   0x00003120       0x50 /opt/st/stm32cubeide_1.19.0/plugins/com.st.stm32cube.ide.mcu.externaltools.gnu-tools-for-stm32.13.3.rel1.linux64_1.0.0.202410170706/tools/bin/../lib/gcc/arm-none-eabi/13.3.1/../../../../arm-none-eabi/lib/thumb/v6-m/nofp/libc_nano.a(libc_a-mallocr.o)
 .debug_frame   0x00003170       0x40 /opt/st/stm32cubeide_1.19.0/plugins/com.st.stm32cube.ide.mcu.externaltools.gnu-tools-for-stm32.13.3.rel1.linux64_1.0.0.202410170706/tools/bin/../lib/gcc/arm-none-eabi/13.3.1/../../../../arm-none-eabi/lib/thumb/v6-m/nofp/libc_nano.a(libc_a-mlock.o)
 .debug_frame   0x000031b0       0x74 /opt/st/stm32cubeide_1.19.0/plugins/com.st.stm32cube.ide.mcu.externaltools.gnu-tools-for-stm32.13.3.rel1.linux64_1.0.0.202410170706/tools/bin/../lib/gcc/arm-none-eabi/13.3.1/../../../../arm-none-eabi/lib/thumb/v6-m/nofp/libc_nano.a(libc_a-nano-svfprintf.o)
 .debug_frame   0x00003224       0x54 /opt/st/stm32cubeide_1.19.0/plugins/com.st.stm32cube.ide.mcu.externaltools.gnu-tools-for-stm32.13.3.rel1.linux64_1.0.0.202410170706/tools/bin/../lib/gcc/arm-none-eabi/13.3.1/../../../../arm-none-eabi/lib/thumb/v6-m/nofp/libc_nano.a(libc_a-nano-vfprintf_i.o)
 .debug_frame   0x00003278       0x28 /opt/st/stm32cubeide_1.19.0/plugins/com.st.stm32cube.ide.mcu.externaltools.gnu-tools-for-stm32.13.3.rel1.linux64_1.0.0.202410170706/tools/bin/../lib/gcc/arm-none-eabi/13.3.1/../../../../arm-none-eabi/lib/thumb/v6-m/nofp/libc_nano.a(libc_a-memmove.o)
 .debug_frame   0x000032a0       0x2c /opt/st/stm32cubeide_1.19.0/plugins/com.st.stm32cube.ide.mcu.externaltools.gnu-tools-for-stm32.13.3.rel1.linux64_1.0.0.202410170706/tools/bin/../lib/gcc/arm-none-eabi/13.3.1/../../../../arm-none-eabi/lib/thumb/v6-m/nofp/libc_nano.a(libc_a-sbrkr.o)
 .debug_frame   0x000032cc       0x20 /opt/st/stm32cubeide_1.19.0/plugins/com.st.stm32cube.ide.mcu.externaltools.gnu-tools-for-stm32.13.3.rel1.linux64_1.0.0.202410170706/tools/bin/../lib/gcc/arm-none-eabi/13.3.1/../../../../arm-none-eabi/lib/thumb/v6-m/nofp/libc_nano.a(libc_a-memchr-stub.o)
 .debug_frame   0x000032ec       0x34 /opt/st/stm32cubeide_1.19.0/plugins/com.st.stm32cube.ide.mcu.externaltools.gnu-tools-for-stm32.13.3.rel1.linux64_1.0.0.202410170706/tools/bin/../lib/gcc/arm-none-eabi/13.3.1/../../../../arm-none-eabi/lib/thumb/v6-m/nofp/libc_nano.a(libc_a-reallocr.o)
 .debug_frame   0x00003320       0x20 /opt/st/stm32cubeide_1.19.0/plugins/com.st.stm32cube.ide.mcu.externaltools.gnu-tools-for-stm32.13.3.rel1.linux64_1.0.0.202410170706/tools/bin/../lib/gcc/arm-none-eabi/13.3.1/../../../../arm-none-eabi/lib/thumb/v6-m/nofp/libc_nano.a(libc_a-msizer.o)
 .debug_frame   0x00003340       0x20 /opt/st/stm32cubeide_1.19.0/plugins/com.st.stm32cube.ide.mcu.externaltools.gnu-tools-for-stm32.13.3.rel1.linux64_1.0.0.202410170706/tools/bin/../lib/gcc/arm-none-eabi/13.3.1/thumb/v6-m/nofp/libgcc.a(_udivsi3.o)
 .debug_frame   0x00003360       0x20 /opt/st/stm32cubeide_1.19.0/plugins/com.st.stm32cube.ide.mcu.externaltools.gnu-tools-for-stm32.13.3.rel1.linux64_1.0.0.202410170706/tools/bin/../lib/gcc/arm-none-eabi/13.3.1/thumb/v6-m/nofp/libgcc.a(_divsi3.o)
 .debug_frame   0x00003380       0x3c /opt/st/stm32cubeide_1.19.0/plugins/com.st.stm32cube.ide.mcu.externaltools.gnu-tools-for-stm32.13.3.rel1.linux64_1.0.0.202410170706/tools/bin/../lib/gcc/arm-none-eabi/13.3.1/thumb/v6-m/nofp/libgcc.a(_udivmoddi4.o)

.debug_line_str
                0x00000000       0x5c
 .debug_line_str
                0x00000000       0x5c ./Core/Startup/startup_stm32l073rztx.o
