../Core/Src/ssd1306.c:71:6:ssd1306_init	24	static
../Core/Src/ssd1306.c:113:6:ssd1306_clear	8	static
../Core/Src/ssd1306.c:117:6:ssd1306_fill	16	static
../Core/Src/ssd1306.c:121:6:ssd1306_is_initialized	8	static
../Core/Src/ssd1306.c:125:6:ssd1306_update	40	static
../Core/Src/ssd1306.c:148:6:ssd1306_draw_string	16	static
../Core/Src/ssd1306.c:152:6:ssd1306_draw_string_scaled	48	static
../Core/Src/ssd1306.c:181:9:ssd1306_measure_text_width	40	static
../Core/Src/ssd1306.c:208:13:ssd1306_draw_char_scaled	40	static
../Core/Src/ssd1306.c:233:13:ssd1306_set_pixel	32	static
../Core/Src/ssd1306.c:248:23:find_glyph	24	static
../Core/Src/ssd1306.c:258:13:ssd1306_send_command	32	static
../Core/Src/ssd1306.c:269:13:ssd1306_send_data	56	static
